Component: ARM Compiler 5.06 update 3 (build 300) Tool: armlink [4d35c9]

==============================================================================

Section Cross References

    main.o(i.Display1_Init) refers to usart.o(i.Uart3_SU03T_SendCMD2) for Uart3_SU03T_SendCMD2
    main.o(i.Display1_Init) refers to oled.o(i.OLED_Clear) for OLED_Clear
    main.o(i.Display1_Init) refers to oled.o(i.OLED_ShowString) for OLED_ShowString
    main.o(i.Display1_Init) refers to delay.o(i.delay_ms) for delay_ms
    main.o(i.Display1_Init) refers to esp8266.o(i.ESP8266_SendCmd) for ESP8266_SendCmd
    main.o(i.Display1_Init) refers to onenet.o(i.OneNet_DevLink) for OneNet_DevLink
    main.o(i.Display1_Init) refers to oled.o(i.OLED_ShowCHinese) for OLED_ShowCHinese
    main.o(i.Display2_Init) refers to oled.o(i.OLED_ShowCHinese) for OLED_ShowCHinese
    main.o(i.Display2_Init) refers to oled.o(i.OLED_ShowChar) for OLED_ShowChar
    main.o(i.Display2_Init) refers to mq4_adc.o(i.Get_Adc_Average) for Get_Adc_Average
    main.o(i.Display2_Init) refers to mq4_adc.o(i.MQ4_PPM_Calibration) for MQ4_PPM_Calibration
    main.o(i.Display2_Init) refers to mq4_adc.o(i.MQ4_GetPPM) for MQ4_GetPPM
    main.o(i.Display2_Init) refers to ffixu.o(x$fpl$ffixu) for __aeabi_f2uiz
    main.o(i.Display2_Init) refers to oled.o(i.OLED_ShowNum) for OLED_ShowNum
    main.o(i.Display2_Init) refers to mq4_adc.o(i.MQ8_PPM_Calibration) for MQ8_PPM_Calibration
    main.o(i.Display2_Init) refers to mq4_adc.o(i.MQ8_GetPPM) for MQ8_GetPPM
    main.o(i.Display2_Init) refers to oled.o(i.OLED_ShowString) for OLED_ShowString
    main.o(i.Display2_Init) refers to mq4_adc.o(i.MQ7_PPM_Calibration) for MQ7_PPM_Calibration
    main.o(i.Display2_Init) refers to mq4_adc.o(i.MQ7_GetPPM) for MQ7_GetPPM
    main.o(i.Display2_Init) refers to mq4_adc.o(.bss) for MQ4
    main.o(i.Display2_Init) refers to jw.o(.data) for JW_Value
    main.o(i.Display2_Init) refers to timer.o(.data) for System_Flag
    main.o(i.Hardware_Init) refers to misc.o(i.NVIC_PriorityGroupConfig) for NVIC_PriorityGroupConfig
    main.o(i.Hardware_Init) refers to timer.o(i.TIM4_Init) for TIM4_Init
    main.o(i.Hardware_Init) refers to delay.o(i.delay_init) for delay_init
    main.o(i.Hardware_Init) refers to usart.o(i.Usart1_Init) for Usart1_Init
    main.o(i.Hardware_Init) refers to usart.o(i.Usart2_Init) for Usart2_Init
    main.o(i.Hardware_Init) refers to usart.o(i.Usart3_Init) for Usart3_Init
    main.o(i.Hardware_Init) refers to mq4_adc.o(i.initialize_MQ4) for initialize_MQ4
    main.o(i.Hardware_Init) refers to mq4_adc.o(i.initialize_MQ8) for initialize_MQ8
    main.o(i.Hardware_Init) refers to mq4_adc.o(i.initialize_MQ7) for initialize_MQ7
    main.o(i.Hardware_Init) refers to led.o(i.LED_Init) for LED_Init
    main.o(i.Hardware_Init) refers to beep.o(i.Beep_Init) for Beep_Init
    main.o(i.Hardware_Init) refers to mq4_adc.o(i.Adc_Init) for Adc_Init
    main.o(i.Hardware_Init) refers to oled.o(i.OLED_Init) for OLED_Init
    main.o(i.Hardware_Init) refers to usart.o(i.Uart3_SU03T_SendCMD2) for Uart3_SU03T_SendCMD2
    main.o(i.Hardware_Init) refers to oled.o(i.OLED_ShowString) for OLED_ShowString
    main.o(i.Hardware_Init) refers to delay.o(i.delay_ms) for delay_ms
    main.o(i.Hardware_Init) refers to oled.o(i.OLED_Clear) for OLED_Clear
    main.o(i.Hardware_Init) refers to mq4_adc.o(.data) for CH4
    main.o(i.Hardware_Init) refers to mq4_adc.o(.bss) for MQ4
    main.o(i.Refresh_Data) refers to mq4_adc.o(i.Get_Adc_Average) for Get_Adc_Average
    main.o(i.Refresh_Data) refers to mq4_adc.o(i.MQ4_GetPPM) for MQ4_GetPPM
    main.o(i.Refresh_Data) refers to ffixu.o(x$fpl$ffixu) for __aeabi_f2uiz
    main.o(i.Refresh_Data) refers to mq4_adc.o(i.MQ7_GetPPM) for MQ7_GetPPM
    main.o(i.Refresh_Data) refers to mq4_adc.o(i.MQ8_GetPPM) for MQ8_GetPPM
    main.o(i.Refresh_Data) refers to oled.o(i.OLED_ShowNum) for OLED_ShowNum
    main.o(i.Refresh_Data) refers to mq4_adc.o(.bss) for MQ4
    main.o(i.Refresh_Data) refers to jw.o(.data) for JW_Value
    main.o(i.SNR8016_Handle) refers to usart.o(i.UsartPrintf) for UsartPrintf
    main.o(i.SNR8016_Handle) refers to delay.o(i.delay_ms) for delay_ms
    main.o(i.SNR8016_Handle) refers to beep.o(i.Beep_Set) for Beep_Set
    main.o(i.SNR8016_Handle) refers to stm32f10x_gpio.o(i.GPIO_SetBits) for GPIO_SetBits
    main.o(i.SNR8016_Handle) refers to usart.o(i.SU03T_DHT11_Play) for SU03T_DHT11_Play
    main.o(i.SNR8016_Handle) refers to usart.o(.data) for USART3_RX_STA
    main.o(i.SNR8016_Handle) refers to timer.o(.data) for flag
    main.o(i.main) refers to main.o(i.Hardware_Init) for Hardware_Init
    main.o(i.main) refers to misc.o(i.NVIC_PriorityGroupConfig) for NVIC_PriorityGroupConfig
    main.o(i.main) refers to usart.o(i.Usart1_Init) for Usart1_Init
    main.o(i.main) refers to esp8266.o(i.ESP8266_Init) for ESP8266_Init
    main.o(i.main) refers to main.o(i.Display1_Init) for Display1_Init
[...]
    ADC1_2_IRQHandler                        0x080002e3   Thumb Code     0  startup_stm32f10x_hd.o(.text)
    ADC3_IRQHandler                          0x080002e3   Thumb Code     0  startup_stm32f10x_hd.o(.text)
    CAN1_RX1_IRQHandler                      0x080002e3   Thumb Code     0  startup_stm32f10x_hd.o(.text)
    CAN1_SCE_IRQHandler                      0x080002e3   Thumb Code     0  startup_stm32f10x_hd.o(.text)
    DMA1_Channel1_IRQHandler                 0x080002e3   Thumb Code     0  startup_stm32f10x_hd.o(.text)
    DMA1_Channel2_IRQHandler                 0x080002e3   Thumb Code     0  startup_stm32f10x_hd.o(.text)
    DMA1_Channel3_IRQHandler                 0x080002e3   Thumb Code     0  startup_stm32f10x_hd.o(.text)
    DMA1_Channel4_IRQHandler                 0x080002e3   Thumb Code     0  startup_stm32f10x_hd.o(.text)
    DMA1_Channel5_IRQHandler                 0x080002e3   Thumb Code     0  startup_stm32f10x_hd.o(.text)
    DMA1_Channel6_IRQHandler                 0x080002e3   Thumb Code     0  startup_stm32f10x_hd.o(.text)
    DMA1_Channel7_IRQHandler                 0x080002e3   Thumb Code     0  startup_stm32f10x_hd.o(.text)
    DMA2_Channel1_IRQHandler                 0x080002e3   Thumb Code     0  startup_stm32f10x_hd.o(.text)
    DMA2_Channel2_IRQHandler                 0x080002e3   Thumb Code     0  startup_stm32f10x_hd.o(.text)
    DMA2_Channel3_IRQHandler                 0x080002e3   Thumb Code     0  startup_stm32f10x_hd.o(.text)
    DMA2_Channel4_5_IRQHandler               0x080002e3   Thumb Code     0  startup_stm32f10x_hd.o(.text)
    EXTI0_IRQHandler                         0x080002e3   Thumb Code     0  startup_stm32f10x_hd.o(.text)
    EXTI15_10_IRQHandler                     0x080002e3   Thumb Code     0  startup_stm32f10x_hd.o(.text)
    EXTI1_IRQHandler                         0x080002e3   Thumb Code     0  startup_stm32f10x_hd.o(.text)
    EXTI2_IRQHandler                         0x080002e3   Thumb Code     0  startup_stm32f10x_hd.o(.text)
    EXTI3_IRQHandler                         0x080002e3   Thumb Code     0  startup_stm32f10x_hd.o(.text)
    EXTI4_IRQHandler                         0x080002e3   Thumb Code     0  startup_stm32f10x_hd.o(.text)
    EXTI9_5_IRQHandler                       0x080002e3   Thumb Code     0  startup_stm32f10x_hd.o(.text)
    FLASH_IRQHandler                         0x080002e3   Thumb Code     0  startup_stm32f10x_hd.o(.text)
    FSMC_IRQHandler                          0x080002e3   Thumb Code     0  startup_stm32f10x_hd.o(.text)
    I2C1_ER_IRQHandler                       0x080002e3   Thumb Code     0  startup_stm32f10x_hd.o(.text)
    I2C1_EV_IRQHandler                       0x080002e3   Thumb Code     0  startup_stm32f10x_hd.o(.text)
    I2C2_ER_IRQHandler                       0x080002e3   Thumb Code     0  startup_stm32f10x_hd.o(.text)
    I2C2_EV_IRQHandler                       0x080002e3   Thumb Code     0  startup_stm32f10x_hd.o(.text)
    PVD_IRQHandler                           0x080002e3   Thumb Code     0  startup_stm32f10x_hd.o(.text)
    RCC_IRQHandler                           0x080002e3   Thumb Code     0  startup_stm32f10x_hd.o(.text)
    RTCAlarm_IRQHandler                      0x080002e3   Thumb Code     0  startup_stm32f10x_hd.o(.text)
    RTC_IRQHandler                           0x080002e3   Thumb Code     0  startup_stm32f10x_hd.o(.text)
    SDIO_IRQHandler                          0x080002e3   Thumb Code     0  startup_stm32f10x_hd.o(.text)
    SPI1_IRQHandler                          0x080002e3   Thumb Code     0  startup_stm32f10x_hd.o(.text)
    SPI2_IRQHandler                          0x080002e3   Thumb Code     0  startup_stm32f10x_hd.o(.text)
    SPI3_IRQHandler                          0x080002e3   Thumb Code     0  startup_stm32f10x_hd.o(.text)
    TAMPER_IRQHandler                        0x080002e3   Thumb Code     0  startup_stm32f10x_hd.o(.text)
    TIM1_BRK_IRQHandler                      0x080002e3   Thumb Code     0  startup_stm32f10x_hd.o(.text)
    TIM1_CC_IRQHandler                       0x080002e3   Thumb Code     0  startup_stm32f10x_hd.o(.text)
    TIM1_TRG_COM_IRQHandler                  0x080002e3   Thumb Code     0  startup_stm32f10x_hd.o(.text)
    TIM1_UP_IRQHandler                       0x080002e3   Thumb Code     0  startup_stm32f10x_hd.o(.text)
    TIM2_IRQHandler                          0x080002e3   Thumb Code     0  startup_stm32f10x_hd.o(.text)
    TIM3_IRQHandler                          0x080002e3   Thumb Code     0  startup_stm32f10x_hd.o(.text)
    TIM5_IRQHandler                          0x080002e3   Thumb Code     0  startup_stm32f10x_hd.o(.text)
    TIM6_IRQHandler                          0x080002e3   Thumb Code     0  startup_stm32f10x_hd.o(.text)
    TIM7_IRQHandler                          0x080002e3   Thumb Code     0  startup_stm32f10x_hd.o(.text)
    TIM8_BRK_IRQHandler                      0x080002e3   Thumb Code     0  startup_stm32f10x_hd.o(.text)
    TIM8_CC_IRQHandler                       0x080002e3   Thumb Code     0  startup_stm32f10x_hd.o(.text)
    TIM8_TRG_COM_IRQHandler                  0x080002e3   Thumb Code     0  startup_stm32f10x_hd.o(.text)
    TIM8_UP_IRQHandler                       0x080002e3   Thumb Code     0  startup_stm32f10x_hd.o(.text)
    UART4_IRQHandler                         0x080002e3   Thumb Code     0  startup_stm32f10x_hd.o(.text)
    UART5_IRQHandler                         0x080002e3   Thumb Code     0  startup_stm32f10x_hd.o(.text)
    USBWakeUp_IRQHandler                     0x080002e3   Thumb Code     0  startup_stm32f10x_hd.o(.text)
    USB_HP_CAN1_TX_IRQHandler                0x080002e3   Thumb Code     0  startup_stm32f10x_hd.o(.text)
    USB_LP_CAN1_RX0_IRQHandler               0x080002e3   Thumb Code     0  startup_stm32f10x_hd.o(.text)
    WWDG_IRQHandler                          0x080002e3   Thumb Code     0  startup_stm32f10x_hd.o(.text)
    __user_initial_stackheap                 0x080002e5   Thumb Code     0  startup_stm32f10x_hd.o(.text)
    malloc                                   0x08000309   Thumb Code    94  h1_alloc.o(.text)
    free                                     0x08000367   Thumb Code    78  h1_free.o(.text)
    tolower                                  0x080003b5   Thumb Code    26  tolower.o(.text)
    __c89vsnprintf                           0x080003d1   Thumb Code    48  c89vsnprintf.o(.text)
    __2sprintf                               0x08000405   Thumb Code    38  __2sprintf.o(.text)
    __2snprintf                              0x08000431   Thumb Code    50  __2snprintf.o(.text)
    _printf_pre_padding                      0x08000469   Thumb Code    44  _printf_pad.o(.text)
    _printf_post_padding                     0x08000495   Thumb Code    34  _printf_pad.o(.text)
    _printf_str                              0x080004b7   Thumb Code    82  _printf_str.o(.text)
    _printf_int_dec                          0x08000509   Thumb Code   104  _printf_dec.o(.text)
    _printf_longlong_hex                     0x08000581   Thumb Code    86  _printf_hex_int_ll_ptr.o(.text)
    _printf_int_hex                          0x080005d7   Thumb Code    28  _printf_hex_int_ll_ptr.o(.text)
    _printf_ll_hex                           0x080005f3   Thumb Code    12  _printf_hex_int_ll_ptr.o(.text)
    _printf_hex_ptr                          0x080005ff   Thumb Code    18  _printf_hex_int_ll_ptr.o(.text)
    __printf                                 0x08000615   Thumb Code   388  __printf_flags_ss_wp.o(.text)
    strchr                                   0x0800079d   Thumb Code    20  strchr.o(.text)
    strncat                                  0x080007b1   Thumb Code    36  strncat.o(.text)
    strstr                                   0x080007d5   Thumb Code    36  strstr.o(.text)
    strcpy                                   0x080007f9   Thumb Code    72  strcpy.o(.text)
    strlen                                   0x08000841   Thumb Code    62  strlen.o(.text)
    strncmp                                  0x0800087f   Thumb Code   150  strncmp.o(.text)
    strcat                                   0x08000915   Thumb Code    24  strcat.o(.text)
    __aeabi_memcpy                           0x0800092d   Thumb Code     0  rt_memcpy_v6.o(.text)
    __rt_memcpy                              0x0800092d   Thumb Code   138  rt_memcpy_v6.o(.text)
    _memcpy_lastbytes                        0x08000993   Thumb Code     0  rt_memcpy_v6.o(.text)
    __aeabi_memcpy4                          0x080009b7   Thumb Code     0  rt_memcpy_w.o(.text)
    __aeabi_memcpy8                          0x080009b7   Thumb Code     0  rt_memcpy_w.o(.text)
    __rt_memcpy_w                            0x080009b7   Thumb Code   100  rt_memcpy_w.o(.text)
    _memcpy_lastbytes_aligned                0x080009ff   Thumb Code     0  rt_memcpy_w.o(.text)
    __aeabi_memclr                           0x08000a1b   Thumb Code     0  rt_memclr.o(.text)
    __rt_memclr                              0x08000a1b   Thumb Code    68  rt_memclr.o(.text)
    _memset                                  0x08000a1f   Thumb Code     0  rt_memclr.o(.text)
    __aeabi_memclr4                          0x08000a5f   Thumb Code     0  rt_memclr_w.o(.text)
    __aeabi_memclr8                          0x08000a5f   Thumb Code     0  rt_memclr_w.o(.text)
    __rt_memclr_w                            0x08000a5f   Thumb Code    78  rt_memclr_w.o(.text)
    _memset_w                                0x08000a63   Thumb Code     0  rt_memclr_w.o(.text)
    __use_two_region_memory                  0x08000aad   Thumb Code     2  heapauxi.o(.text)
    __rt_heap_escrow                         0x08000aaf   Thumb Code     2  heapauxi.o(.text)
    __rt_heap_expand                         0x08000ab1   Thumb Code     2  heapauxi.o(.text)
    __rt_ctype_table                         0x08000ab5   Thumb Code    16  rt_ctype_table.o(.text)
    __rt_heap_descriptor                     0x08000ac5   Thumb Code     8  rt_heap_descriptor_intlibspace.o(.text)
    __use_no_heap                            0x08000acd   Thumb Code     2  hguard.o(.text)
    __heap$guard                             0x08000acf   Thumb Code     2  hguard.o(.text)
    _terminate_user_alloc                    0x08000ad1   Thumb Code     2  init_alloc.o(.text)
    _init_user_alloc                         0x08000ad3   Thumb Code     2  init_alloc.o(.text)
    __Heap_Full                              0x08000ad5   Thumb Code    34  init_alloc.o(.text)
    __Heap_Broken                            0x08000af7   Thumb Code     6  init_alloc.o(.text)
    _init_alloc                              0x08000afd   Thumb Code    94  init_alloc.o(.text)
    __Heap_Initialize                        0x08000b5b   Thumb Code    10  h1_init.o(.text)
    __Heap_DescSize                          0x08000b65   Thumb Code     4  h1_init.o(.text)
    __read_errno                             0x08000b69   Thumb Code    10  _rserrno.o(.text)
    __set_errno                              0x08000b73   Thumb Code    12  _rserrno.o(.text)
    _printf_truncate_signed                  0x08000b7f   Thumb Code    18  _printf_truncate.o(.text)
    _printf_truncate_unsigned                0x08000b91   Thumb Code    18  _printf_truncate.o(.text)
    _printf_int_common                       0x08000ba3   Thumb Code   178  _printf_intcommon.o(.text)
    _printf_charcount                        0x08000c55   Thumb Code    40  _printf_charcount.o(.text)
    __lib_sel_fp_printf                      0x08000c7d   Thumb Code     2  _printf_fp_dec.o(.text)
    _printf_fp_dec_real                      0x08000e2b   Thumb Code   620  _printf_fp_dec.o(.text)
    _printf_char_common                      0x080010a3   Thumb Code    32  _printf_char_common.o(.text)
    _sputc                                   0x080010c9   Thumb Code    10  _sputc.o(.text)
    _snputc                                  0x080010d3   Thumb Code    16  _snputc.o(.text)
    _printf_cs_common                        0x080010e3   Thumb Code    20  _printf_char.o(.text)
    _printf_char                             0x080010f7   Thumb Code    16  _printf_char.o(.text)
    _printf_string                           0x08001107   Thumb Code     8  _printf_char.o(.text)
    _printf_wctomb                           0x08001111   Thumb Code   182  _printf_wctomb.o(.text)
    _printf_longlong_dec                     0x080011cd   Thumb Code   108  _printf_longlong_dec.o(.text)
    _printf_longlong_oct                     0x08001249   Thumb Code    68  _printf_oct_int_ll.o(.text)
    _printf_int_oct                          0x0800128d   Thumb Code    24  _printf_oct_int_ll.o(.text)
    _printf_ll_oct                           0x080012a5   Thumb Code    12  _printf_oct_int_ll.o(.text)
    __user_libspace                          0x080012b9   Thumb Code     8  libspace.o(.text)
    __user_perproc_libspace                  0x080012b9   Thumb Code     0  libspace.o(.text)
    __user_perthread_libspace                0x080012b9   Thumb Code     0  libspace.o(.text)
    __rt_locale                              0x080012c1   Thumb Code     8  rt_locale_intlibspace.o(.text)
    __aeabi_errno_addr                       0x080012c9   Thumb Code     8  rt_errno_addr_intlibspace.o(.text)
    __errno$intlibspace                      0x080012c9   Thumb Code     0  rt_errno_addr_intlibspace.o(.text)
    __rt_errno_addr$intlibspace              0x080012c9   Thumb Code     0  rt_errno_addr_intlibspace.o(.text)
    __Heap_ProvideMemory                     0x080012d1   Thumb Code    52  h1_extend.o(.text)
    _ll_udiv10                               0x08001305   Thumb Code   138  lludiv10.o(.text)
    _printf_fp_infnan                        0x08001391   Thumb Code   112  _printf_fp_infnan.o(.text)
    _printf_lcs_common                       0x08001411   Thumb Code    20  _printf_wchar.o(.text)
    _printf_wchar                            0x08001425   Thumb Code    16  _printf_wchar.o(.text)
    _printf_wstring                          0x08001435   Thumb Code     8  _printf_wchar.o(.text)
    _btod_etento                             0x0800143d   Thumb Code   216  bigflt0.o(.text)
    _wcrtomb                                 0x08001519   Thumb Code    64  _wcrtomb.o(.text)
    __rt_SIGRTMEM                            0x08001559   Thumb Code    14  defsig_rtmem_outer.o(.text)
    __I$use$semihosting                      0x08001567   Thumb Code     0  use_no_semi.o(.text)
    __use_no_semihosting_swi                 0x08001567   Thumb Code     2  use_no_semi.o(.text)
    __semihosting_library_function           0x08001569   Thumb Code     0  indicate_semi.o(.text)
    __user_setup_stackheap                   0x08001569   Thumb Code    74  sys_stackheap_outer.o(.text)
    exit                                     0x080015b3   Thumb Code    18  exit.o(.text)
    __sig_exit                               0x080015c5   Thumb Code    10  defsig_exit.o(.text)
    __rt_SIGRTMEM_inner                      0x080015d1   Thumb Code    22  defsig_rtmem_inner.o(.text)
    strcmp                                   0x08001621   Thumb Code   128  strcmpv7m.o(.text)
    _sys_exit                                0x080016a1   Thumb Code     8  sys_exit.o(.text)
    __default_signal_display                 0x080016ad   Thumb Code    50  defsig_general.o(.text)
    _ttywrch                                 0x080016df   Thumb Code    14  sys_wrch.o(.text)
    _btod_d2e                                0x080016ed   Thumb Code    62  btod.o(CL$$btod_d2e)
    _d2e_denorm_low                          0x0800172b   Thumb Code    70  btod.o(CL$$btod_d2e_denorm_low)
    _d2e_norm_op1                            0x08001771   Thumb Code    96  btod.o(CL$$btod_d2e_norm_op1)
    __btod_div_common                        0x080017d1   Thumb Code   696  btod.o(CL$$btod_div_common)
    _e2e                                     0x08001b09   Thumb Code   198  btod.o(CL$$btod_e2e)
    _btod_ediv                               0x08001bcf   Thumb Code    40  btod.o(CL$$btod_ediv)
    _btod_emul                               0x08001bf7   Thumb Code    40  btod.o(CL$$btod_emul)
    __btod_mult_common                       0x08001c1f   Thumb Code   580  btod.o(CL$$btod_mult_common)
    ADC_Cmd                                  0x08001e63   Thumb Code    22  stm32f10x_adc.o(i.ADC_Cmd)
    ADC_DeInit                               0x08001e79   Thumb Code    78  stm32f10x_adc.o(i.ADC_DeInit)
    ADC_GetCalibrationStatus                 0x08001ed5   Thumb Code    20  stm32f10x_adc.o(i.ADC_GetCalibrationStatus)
    ADC_GetConversionValue                   0x08001ee9   Thumb Code     8  stm32f10x_adc.o(i.ADC_GetConversionValue)
    ADC_GetFlagStatus                        0x08001ef1   Thumb Code    18  stm32f10x_adc.o(i.ADC_GetFlagStatus)
    ADC_GetResetCalibrationStatus            0x08001f03   Thumb Code    20  stm32f10x_adc.o(i.ADC_GetResetCalibrationStatus)
    ADC_Init                                 0x08001f19   Thumb Code    70  stm32f10x_adc.o(i.ADC_Init)
    ADC_RegularChannelConfig                 0x08001f69   Thumb Code   184  stm32f10x_adc.o(i.ADC_RegularChannelConfig)
    ADC_ResetCalibration                     0x08002021   Thumb Code    10  stm32f10x_adc.o(i.ADC_ResetCalibration)
    ADC_SoftwareStartConvCmd                 0x0800202b   Thumb Code    22  stm32f10x_adc.o(i.ADC_SoftwareStartConvCmd)
    ADC_StartCalibration                     0x08002041   Thumb Code    10  stm32f10x_adc.o(i.ADC_StartCalibration)
    Adc_Init                                 0x0800204d   Thumb Code   134  mq4_adc.o(i.Adc_Init)
    BASE64_Decode                            0x080020dd   Thumb Code   360  base64.o(i.BASE64_Decode)
    BASE64_Encode                            0x08002249   Thumb Code   320  base64.o(i.BASE64_Encode)
    Beep_Init                                0x0800238d   Thumb Code    56  beep.o(i.Beep_Init)
    Beep_Set                                 0x080023c9   Thumb Code    22  beep.o(i.Beep_Set)
    BusFault_Handler                         0x080023e9   Thumb Code     4  stm32f10x_it.o(i.BusFault_Handler)
    DebugMon_Handler                         0x080023ed   Thumb Code     2  stm32f10x_it.o(i.DebugMon_Handler)
    Display1_Init                            0x080023f1   Thumb Code   284  main.o(i.Display1_Init)
    Display2_Init                            0x0800259d   Thumb Code   440  main.o(i.Display2_Init)
    ESP8266_Clear                            0x0800276d   Thumb Code    20  esp8266.o(i.ESP8266_Clear)
    ESP8266_GetIPD                           0x08002789   Thumb Code    68  esp8266.o(i.ESP8266_GetIPD)
    ESP8266_Init                             0x080027d9   Thumb Code   136  esp8266.o(i.ESP8266_Init)
    ESP8266_SendCmd                          0x080028fd   Thumb Code    76  esp8266.o(i.ESP8266_SendCmd)
    ESP8266_SendData                         0x08002951   Thumb Code    46  esp8266.o(i.ESP8266_SendData)
    ESP8266_WaitRecive                       0x08002999   Thumb Code    42  esp8266.o(i.ESP8266_WaitRecive)
    GPIO_Init                                0x080029cd   Thumb Code   278  stm32f10x_gpio.o(i.GPIO_Init)
    GPIO_ResetBits                           0x08002ae3   Thumb Code     4  stm32f10x_gpio.o(i.GPIO_ResetBits)
    GPIO_SetBits                             0x08002ae7   Thumb Code     4  stm32f10x_gpio.o(i.GPIO_SetBits)
    GPIO_WriteBit                            0x08002aeb   Thumb Code    10  stm32f10x_gpio.o(i.GPIO_WriteBit)
    Get_Adc                                  0x08002af5   Thumb Code    46  mq4_adc.o(i.Get_Adc)
    Get_Adc_Average                          0x08002b29   Thumb Code    46  mq4_adc.o(i.Get_Adc_Average)
    HardFault_Handler                        0x08002b57   Thumb Code     4  stm32f10x_it.o(i.HardFault_Handler)
    Hardware_Init                            0x08002b5d   Thumb Code   158  main.o(i.Hardware_Init)
    IIC_Start                                0x08002c49   Thumb Code    36  oled.o(i.IIC_Start)
    IIC_Stop                                 0x08002c71   Thumb Code    28  oled.o(i.IIC_Stop)
    IIC_Wait_Ack                             0x08002c91   Thumb Code    20  oled.o(i.IIC_Wait_Ack)
    JW_Data_Analyze                          0x08002ca9   Thumb Code    64  jw.o(i.JW_Data_Analyze)
    JW_Data_Receive                          0x08002d15   Thumb Code   144  jw.o(i.JW_Data_Receive)
    JW_Deal_Timer_Count                      0x08002db5   Thumb Code    18  jw.o(i.JW_Deal_Timer_Count)
    JW_Get_Timer                             0x08002dcd   Thumb Code    14  jw.o(i.JW_Get_Timer)
    JW_Pross                                 0x08002de1   Thumb Code    52  jw.o(i.JW_Pross)
    JW_Set_Timer_Value                       0x08002e21   Thumb Code     6  jw.o(i.JW_Set_Timer_Value)
    LED_Init                                 0x08002e2d   Thumb Code    46  led.o(i.LED_Init)
    Led_Set                                  0x08002e61   Thumb Code    24  led.o(i.Led_Set)
    MQ4_GetPPM                               0x08002e81   Thumb Code   110  mq4_adc.o(i.MQ4_GetPPM)
    MQ4_PPM_Calibration                      0x08002f09   Thumb Code   132  mq4_adc.o(i.MQ4_PPM_Calibration)
    MQ7_GetPPM                               0x08002fad   Thumb Code   142  mq4_adc.o(i.MQ7_GetPPM)
    MQ7_PPM_Calibration                      0x08003055   Thumb Code   104  mq4_adc.o(i.MQ7_PPM_Calibration)
    MQ8_GetPPM                               0x080030d9   Thumb Code   110  mq4_adc.o(i.MQ8_GetPPM)
    MQ8_PPM_Calibration                      0x08003161   Thumb Code   134  mq4_adc.o(i.MQ8_PPM_Calibration)
    MQTT_DeleteBuffer                        0x08003205   Thumb Code    28  mqttkit.o(i.MQTT_DeleteBuffer)
    MQTT_DumpLength                          0x08003221   Thumb Code    46  mqttkit.o(i.MQTT_DumpLength)
    MQTT_NewBuffer                           0x0800324f   Thumb Code    88  mqttkit.o(i.MQTT_NewBuffer)
    MQTT_PacketConnect                       0x080032a9   Thumb Code   666  mqttkit.o(i.MQTT_PacketConnect)
    MQTT_PacketPublish                       0x08003549   Thumb Code   440  mqttkit.o(i.MQTT_PacketPublish)
    MQTT_PacketSaveData                      0x08003701   Thumb Code    68  mqttkit.o(i.MQTT_PacketSaveData)
    MQTT_PacketSubscribe                     0x08003765   Thumb Code   254  mqttkit.o(i.MQTT_PacketSubscribe)
    MQTT_ReadLength                          0x08003863   Thumb Code    70  mqttkit.o(i.MQTT_ReadLength)
    MQTT_UnPacketConnectAck                  0x080038a9   Thumb Code    30  mqttkit.o(i.MQTT_UnPacketConnectAck)
    MQTT_UnPacketPublish                     0x080038c9   Thumb Code   438  mqttkit.o(i.MQTT_UnPacketPublish)
    MQTT_UnPacketPublishAck                  0x08003a89   Thumb Code    30  mqttkit.o(i.MQTT_UnPacketPublishAck)
    MQTT_UnPacketRecv                        0x08003aa9   Thumb Code   106  mqttkit.o(i.MQTT_UnPacketRecv)
    MQTT_UnPacketSubscribe                   0x08003b1d   Thumb Code    52  mqttkit.o(i.MQTT_UnPacketSubscribe)
    MemManage_Handler                        0x08003b51   Thumb Code     4  stm32f10x_it.o(i.MemManage_Handler)
    NMI_Handler                              0x08003b55   Thumb Code     2  stm32f10x_it.o(i.NMI_Handler)
    NVIC_Init                                0x08003b59   Thumb Code   100  misc.o(i.NVIC_Init)
    NVIC_PriorityGroupConfig                 0x08003bc9   Thumb Code    10  misc.o(i.NVIC_PriorityGroupConfig)
    OLED_Clear                               0x08003bdd   Thumb Code    64  oled.o(i.OLED_Clear)
    OLED_Init                                0x08003c1d   Thumb Code   268  oled.o(i.OLED_Init)
    OLED_Set_Pos                             0x08003d2d   Thumb Code    40  oled.o(i.OLED_Set_Pos)
    OLED_ShowCHinese                         0x08003d55   Thumb Code    98  oled.o(i.OLED_ShowCHinese)
    OLED_ShowChar                            0x08003dbd   Thumb Code   154  oled.o(i.OLED_ShowChar)
    OLED_ShowNum                             0x08003e61   Thumb Code   136  oled.o(i.OLED_ShowNum)
    OLED_ShowString                          0x08003ee9   Thumb Code    58  oled.o(i.OLED_ShowString)
    OLED_WR_Byte                             0x08003f23   Thumb Code    24  oled.o(i.OLED_WR_Byte)
    OneNET_Subscribe                         0x080041f1   Thumb Code    82  onenet.o(i.OneNET_Subscribe)
    OneNet_DevLink                           0x08004291   Thumb Code   242  onenet.o(i.OneNet_DevLink)
    OneNet_FillBuf                           0x0800450d   Thumb Code   230  onenet.o(i.OneNet_FillBuf)
    OneNet_RevPro                            0x080046b1   Thumb Code   328  onenet.o(i.OneNet_RevPro)
    OneNet_SendData                          0x080048cd   Thumb Code   130  onenet.o(i.OneNet_SendData)
    PendSV_Handler                           0x080049b5   Thumb Code     2  stm32f10x_it.o(i.PendSV_Handler)
    RCC_ADCCLKConfig                         0x080049b9   Thumb Code    18  stm32f10x_rcc.o(i.RCC_ADCCLKConfig)
    RCC_APB1PeriphClockCmd                   0x080049d1   Thumb Code    26  stm32f10x_rcc.o(i.RCC_APB1PeriphClockCmd)
    RCC_APB1PeriphResetCmd                   0x080049f1   Thumb Code    26  stm32f10x_rcc.o(i.RCC_APB1PeriphResetCmd)
    RCC_APB2PeriphClockCmd                   0x08004a11   Thumb Code    26  stm32f10x_rcc.o(i.RCC_APB2PeriphClockCmd)
    RCC_APB2PeriphResetCmd                   0x08004a31   Thumb Code    26  stm32f10x_rcc.o(i.RCC_APB2PeriphResetCmd)
    RCC_GetClocksFreq                        0x08004a51   Thumb Code   192  stm32f10x_rcc.o(i.RCC_GetClocksFreq)
    Refresh_Data                             0x08004b25   Thumb Code   154  main.o(i.Refresh_Data)
    SNR8016_Handle                           0x08004bd1   Thumb Code   132  main.o(i.SNR8016_Handle)
    SU03T_DHT11_Play                         0x08004c85   Thumb Code    86  usart.o(i.SU03T_DHT11_Play)
    SVC_Handler                              0x08004d01   Thumb Code     2  stm32f10x_it.o(i.SVC_Handler)
    Serial_PopRece                           0x08004d05   Thumb Code    54  jw.o(i.Serial_PopRece)
    SysTick_CLKSourceConfig                  0x08004e31   Thumb Code    40  misc.o(i.SysTick_CLKSourceConfig)
    SysTick_Handler                          0x08004e59   Thumb Code     2  stm32f10x_it.o(i.SysTick_Handler)
    SystemInit                               0x08004e5d   Thumb Code    78  system_stm32f10x.o(i.SystemInit)
    TIM4_IRQHandler                          0x08004ebd   Thumb Code   210  timer.o(i.TIM4_IRQHandler)
    TIM4_Init                                0x08004fc1   Thumb Code   102  timer.o(i.TIM4_Init)
    TIM_ClearITPendingBit                    0x0800502d   Thumb Code     6  stm32f10x_tim.o(i.TIM_ClearITPendingBit)
    TIM_Cmd                                  0x08005033   Thumb Code    24  stm32f10x_tim.o(i.TIM_Cmd)
    TIM_GetITStatus                          0x0800504b   Thumb Code    34  stm32f10x_tim.o(i.TIM_GetITStatus)
    TIM_ITConfig                             0x0800506d   Thumb Code    18  stm32f10x_tim.o(i.TIM_ITConfig)
    TIM_InternalClockConfig                  0x0800507f   Thumb Code    12  stm32f10x_tim.o(i.TIM_InternalClockConfig)
    TIM_TimeBaseInit                         0x0800508d   Thumb Code   122  stm32f10x_tim.o(i.TIM_TimeBaseInit)
    USART1_IRQHandler                        0x08005131   Thumb Code    60  usart.o(i.USART1_IRQHandler)
    USART2_IRQHandler                        0x08005179   Thumb Code    64  esp8266.o(i.USART2_IRQHandler)
    USART3_IRQHandler                        0x080051c5   Thumb Code    36  usart.o(i.USART3_IRQHandler)
    USART3_SendByte                          0x080051f5   Thumb Code    42  usart.o(i.USART3_SendByte)
    USART_ClearFlag                          0x08005225   Thumb Code    18  stm32f10x_usart.o(i.USART_ClearFlag)
    USART_Cmd                                0x08005237   Thumb Code    24  stm32f10x_usart.o(i.USART_Cmd)
    USART_DeInit                             0x08005251   Thumb Code   134  stm32f10x_usart.o(i.USART_DeInit)
    USART_GetFlagStatus                      0x080052ed   Thumb Code    26  stm32f10x_usart.o(i.USART_GetFlagStatus)
    USART_GetITStatus                        0x08005307   Thumb Code    84  stm32f10x_usart.o(i.USART_GetITStatus)
    USART_ITConfig                           0x0800535b   Thumb Code    74  stm32f10x_usart.o(i.USART_ITConfig)
    USART_Init                               0x080053a5   Thumb Code   210  stm32f10x_usart.o(i.USART_Init)
    USART_ReceiveData                        0x0800547d   Thumb Code    10  stm32f10x_usart.o(i.USART_ReceiveData)
    USART_SendData                           0x08005487   Thumb Code     8  stm32f10x_usart.o(i.USART_SendData)
    Uart3_SU03T_SendCMD1                     0x08005491   Thumb Code    20  usart.o(i.Uart3_SU03T_SendCMD1)
    Uart3_SU03T_SendCMD2                     0x080054a9   Thumb Code    16  usart.o(i.Uart3_SU03T_SendCMD2)
    Uart3_SU03T_SendCmd                      0x080054bd   Thumb Code    52  usart.o(i.Uart3_SU03T_SendCmd)
    UsageFault_Handler                       0x080054f5   Thumb Code     4  stm32f10x_it.o(i.UsageFault_Handler)
    Usart1_Init                              0x080054f9   Thumb Code   162  usart.o(i.Usart1_Init)
    Usart2_Init                              0x080055a5   Thumb Code   162  usart.o(i.Usart2_Init)
    Usart3_Init                              0x08005651   Thumb Code   164  usart.o(i.Usart3_Init)
    UsartPrintf                              0x080056fd   Thumb Code    72  usart.o(i.UsartPrintf)
    Usart_SendString                         0x08005745   Thumb Code    50  usart.o(i.Usart_SendString)
    Write_IIC_Byte                           0x08005779   Thumb Code    80  oled.o(i.Write_IIC_Byte)
    Write_IIC_Command                        0x080057cd   Thumb Code    44  oled.o(i.Write_IIC_Command)
    Write_IIC_Data                           0x080057f9   Thumb Code    44  oled.o(i.Write_IIC_Data)
    __ARM_fpclassify                         0x08005825   Thumb Code    40  fpclassify.o(i.__ARM_fpclassify)
    __kernel_poly                            0x0800584d   Thumb Code   170  poly.o(i.__kernel_poly)
    __mathlib_dbl_divzero                    0x080058f9   Thumb Code    12  dunder.o(i.__mathlib_dbl_divzero)
    __mathlib_dbl_infnan2                    0x08005909   Thumb Code     4  dunder.o(i.__mathlib_dbl_infnan2)
    __mathlib_dbl_invalid                    0x0800590d   Thumb Code    12  dunder.o(i.__mathlib_dbl_invalid)
    __mathlib_dbl_overflow                   0x08005919   Thumb Code    14  dunder.o(i.__mathlib_dbl_overflow)
    __mathlib_dbl_underflow                  0x08005929   Thumb Code    10  dunder.o(i.__mathlib_dbl_underflow)
    _is_digit                                0x08005939   Thumb Code    14  __printf_wp.o(i._is_digit)
    cJSON_Delete                             0x08005949   Thumb Code    82  cjson.o(i.cJSON_Delete)
    cJSON_GetObjectItem                      0x080059a1   Thumb Code    30  cjson.o(i.cJSON_GetObjectItem)
    cJSON_Parse                              0x080059e1   Thumb Code    16  cjson.o(i.cJSON_Parse)
    cJSON_ParseWithOpts                      0x080059f1   Thumb Code    96  cjson.o(i.cJSON_ParseWithOpts)
    delay_init                               0x08005aa1   Thumb Code    50  delay.o(i.delay_init)
    delay_ms                                 0x08005ae5   Thumb Code    72  delay.o(i.delay_ms)
    ft                                       0x08005b31   Thumb Code    76  hmac_sha1.o(i.ft)
    hmac_sha1                                0x08005b7d   Thumb Code   302  hmac_sha1.o(i.hmac_sha1)
    initialize_MQ4                           0x08005cad   Thumb Code    12  mq4_adc.o(i.initialize_MQ4)
    initialize_MQ7                           0x08005cbd   Thumb Code    12  mq4_adc.o(i.initialize_MQ7)
    initialize_MQ8                           0x08005ccd   Thumb Code    12  mq4_adc.o(i.initialize_MQ8)
    k                                        0x08005cdd   Thumb Code    34  hmac_sha1.o(i.k)
    main                                     0x08005d11   Thumb Code   210  main.o(i.main)
    oled_pow                                 0x08005e01   Thumb Code    22  oled.o(i.oled_pow)
    pow                                      0x08006531   Thumb Code  2512  pow.o(i.pow)
    rotl                                     0x08006f09   Thumb Code    46  hmac_sha1.o(i.rotl)
    sha1                                     0x08006f39   Thumb Code   632  hmac_sha1.o(i.sha1)
    sqrt                                     0x080071cf   Thumb Code    76  sqrt.o(i.sqrt)
    _get_lc_ctype                            0x0800721d   Thumb Code    44  lc_ctype_c.o(locale$$code)
    _get_lc_numeric                          0x08007249   Thumb Code    44  lc_numeric_c.o(locale$$code)
    __aeabi_d2f                              0x08007275   Thumb Code     0  d2f.o(x$fpl$d2f)
    _d2f                                     0x08007275   Thumb Code    98  d2f.o(x$fpl$d2f)
    __aeabi_dadd                             0x080072d9   Thumb Code     0  daddsub_clz.o(x$fpl$dadd)
    _dadd                                    0x080072d9   Thumb Code   332  daddsub_clz.o(x$fpl$dadd)
    __fpl_dcheck_NaN1                        0x08007429   Thumb Code    10  dcheck1.o(x$fpl$dcheck1)
    __fpl_dcmp_Inf                           0x08007439   Thumb Code    24  dcmpi.o(x$fpl$dcmpinf)
    __aeabi_ddiv                             0x08007451   Thumb Code     0  ddiv.o(x$fpl$ddiv)
    _ddiv                                    0x08007451   Thumb Code   552  ddiv.o(x$fpl$ddiv)
    __aeabi_d2iz                             0x08007701   Thumb Code     0  dfix.o(x$fpl$dfix)
    _dfix                                    0x08007701   Thumb Code    94  dfix.o(x$fpl$dfix)
    __aeabi_i2d                              0x0800775f   Thumb Code     0  dflt_clz.o(x$fpl$dflt)
    _dflt                                    0x0800775f   Thumb Code    46  dflt_clz.o(x$fpl$dflt)
    __aeabi_cdcmple                          0x0800778d   Thumb Code     0  dleqf.o(x$fpl$dleqf)
    _dcmple                                  0x0800778d   Thumb Code   120  dleqf.o(x$fpl$dleqf)
    __fpl_dcmple_InfNaN                      0x080077ef   Thumb Code     0  dleqf.o(x$fpl$dleqf)
    __aeabi_dmul                             0x08007805   Thumb Code     0  dmul.o(x$fpl$dmul)
    _dmul                                    0x08007805   Thumb Code   332  dmul.o(x$fpl$dmul)
    __fpl_dnaninf                            0x08007959   Thumb Code   156  dnaninf.o(x$fpl$dnaninf)
    __fpl_dretinf                            0x080079f5   Thumb Code    12  dretinf.o(x$fpl$dretinf)
    __aeabi_cdrcmple                         0x08007a01   Thumb Code     0  drleqf.o(x$fpl$drleqf)
    _drcmple                                 0x08007a01   Thumb Code   108  drleqf.o(x$fpl$drleqf)
    __aeabi_drsub                            0x08007a6d   Thumb Code     0  daddsub_clz.o(x$fpl$drsb)
    _drsb                                    0x08007a6d   Thumb Code    22  daddsub_clz.o(x$fpl$drsb)
    _dsqrt                                   0x08007a85   Thumb Code   456  dsqrt_noumaal.o(x$fpl$dsqrt)
    __aeabi_dsub                             0x08007c51   Thumb Code     0  daddsub_clz.o(x$fpl$dsub)
    _dsub                                    0x08007c51   Thumb Code   464  daddsub_clz.o(x$fpl$dsub)
    __aeabi_f2d                              0x08007e25   Thumb Code     0  f2d.o(x$fpl$f2d)
    _f2d                                     0x08007e25   Thumb Code    86  f2d.o(x$fpl$f2d)
    __aeabi_fadd                             0x08007e7d   Thumb Code     0  faddsub_clz.o(x$fpl$fadd)
    _fadd                                    0x08007e7d   Thumb Code   196  faddsub_clz.o(x$fpl$fadd)
    __aeabi_fdiv                             0x08007f41   Thumb Code     0  fdiv.o(x$fpl$fdiv)
    _fdiv                                    0x08007f41   Thumb Code   384  fdiv.o(x$fpl$fdiv)
    __aeabi_f2uiz                            0x080080c5   Thumb Code     0  ffixu.o(x$fpl$ffixu)
    _ffixu                                   0x080080c5   Thumb Code    62  ffixu.o(x$fpl$ffixu)
    __aeabi_ui2f                             0x08008105   Thumb Code     0  fflt_clz.o(x$fpl$ffltu)
    _ffltu                                   0x08008105   Thumb Code    38  fflt_clz.o(x$fpl$ffltu)
    __aeabi_fmul                             0x0800812d   Thumb Code     0  fmul.o(x$fpl$fmul)
    _fmul                                    0x0800812d   Thumb Code   258  fmul.o(x$fpl$fmul)
    __fpl_fnaninf                            0x0800822f   Thumb Code   140  fnaninf.o(x$fpl$fnaninf)
    __fpl_fretinf                            0x080082bb   Thumb Code    10  fretinf.o(x$fpl$fretinf)
    __aeabi_fsub                             0x080082c5   Thumb Code     0  faddsub_clz.o(x$fpl$fsub)
    _fsub                                    0x080082c5   Thumb Code   234  faddsub_clz.o(x$fpl$fsub)
    _printf_fp_dec                           0x080083af   Thumb Code     4  printf1.o(x$fpl$printf1)
    __fpl_return_NaN                         0x080083b3   Thumb Code   100  retnan.o(x$fpl$retnan)
    __ARM_scalbn                             0x08008417   Thumb Code    92  scalbn.o(x$fpl$scalbn)
    __fpl_cmpreturn                          0x08008473   Thumb Code    48  trapv.o(x$fpl$trapveneer)
    F6x8                                     0x080084a2   Data         552  oled.o(.constdata)
    __I$use$fp                               0x080084a2   Number         0  usenofp.o(x$fpl$usenofp)
    F8X16                                    0x080086ca   Data        1520  oled.o(.constdata)
    __mathlib_zero                           0x08008e50   Data           8  qnan.o(.constdata)
    Region$$Table$$Base                      0x08008f34   Number         0  anon$$obj.o(Region$$Table)
    Region$$Table$$Limit                     0x08008f54   Number         0  anon$$obj.o(Region$$Table)
    __ctype                                  0x08008f61   Data           0  lc_ctype_c.o(locale$$data)
    SystemCoreClock                          0x20000000   Data           4  system_stm32f10x.o(.data)
    AHBPrescTable                            0x20000004   Data          16  system_stm32f10x.o(.data)
    Serial_Head                              0x20000024   Data           1  usart.o(.data)
    Serial_Tead                              0x20000025   Data           1  usart.o(.data)
    USART3_RX_STA                            0x20000026   Data           1  usart.o(.data)
    USART3_RX_CMD                            0x20000027   Data           1  usart.o(.data)
    Sec                                      0x20000048   Data           4  timer.o(.data)
    Waring_Time                              0x2000004c   Data           4  timer.o(.data)
    System_Flag                              0x20000050   Data           4  timer.o(.data)
    System_Time                              0x20000054   Data           4  timer.o(.data)
    flag                                     0x20000058   Data           4  timer.o(.data)
    Sys_Tick_Timer                           0x2000005c   Data           4  timer.o(.data)
    CH4_max                                  0x20000060   Data           2  timer.o(.data)
    H2_max                                   0x20000062   Data           2  timer.o(.data)
    CO_max                                   0x20000064   Data           2  timer.o(.data)
    CO2_max                                  0x20000066   Data           2  timer.o(.data)
    CO2_MAX                                  0x20000068   Data           2  timer.o(.data)
    CH4                                      0x20000078   Data           4  mq4_adc.o(.data)
    MQ4_ADC_Value                            0x2000007c   Data           2  mq4_adc.o(.data)
    H2                                       0x20000080   Data           4  mq4_adc.o(.data)
    MQ8_ADC_Value                            0x20000084   Data           2  mq4_adc.o(.data)
    CO                                       0x20000088   Data           4  mq4_adc.o(.data)
    MQ7_ADC_Value                            0x2000008c   Data           2  mq4_adc.o(.data)
    led_info                                 0x2000008e   Data           1  led.o(.data)
    F16x16                                   0x2000008f   Data        2304  oled.o(.data)
    BMP1                                     0x2000098f   Data        1024  oled.o(.data)
    beep_info                                0x20000d8f   Data           1  beep.o(.data)
    Jw_Data_Start                            0x20000d90   Data           1  jw.o(.data)
    JW_Pos                                   0x20000d91   Data           1  jw.o(.data)
    JW_Value                                 0x20000d94   Data           4  jw.o(.data)
    Check_Jw_Data                            0x20000d98   Data           1  jw.o(.data)
    JW_Timer_Value                           0x20000d9c   Data           4  jw.o(.data)
    esp8266_cnt                              0x20000da0   Data           2  esp8266.o(.data)
    esp8266_cntPre                           0x20000da2   Data           2  esp8266.o(.data)
    Serial_Data_Buff                         0x20000dc0   Data         256  usart.o(.bss)
    MQ4                                      0x20000ee8   Data          12  mq4_adc.o(.bss)
    MQ8                                      0x20000ef4   Data          12  mq4_adc.o(.bss)
    MQ7                                      0x20000f00   Data          12  mq4_adc.o(.bss)
    JW_Data_Buffer                           0x20000f0c   Data         256  jw.o(.bss)
    esp8266_buf                              0x2000100c   Data         512  esp8266.o(.bss)
    __libspace_start                         0x2000120c   Data          96  libspace.o(.bss)
    __temporary_stack_top$libspace           0x2000126c   Data           0  libspace.o(.bss)



==============================================================================

Memory Map of the image

  Image Entry point : 0x080002c9

  Load Region LR_1 (Base: 0x08000000, Size: 0x00009e40, Max: 0xffffffff, ABSOLUTE, COMPRESSED[0x0000957c])

    Execution Region ER_RO (Base: 0x08000000, Size: 0x00009080, Max: 0xffffffff, ABSOLUTE)

    Base Addr    Size         Type   Attr      Idx    E Section Name        Object

    0x08000000   0x00000130   Data   RO          473    RESET               startup_stm32f10x_hd.o
    0x08000130   0x00000008   Code   RO         4713  * !!!main             c_w.l(__main.o)
    0x08000138   0x00000034   Code   RO         5148    !!!scatter          c_w.l(__scatter.o)
    0x0800016c   0x00000064   Code   RO         5146    !!dclz77c           c_w.l(__dclz77c.o)
    0x080001d0   0x0000001c   Code   RO         5150    !!handler_zi        c_w.l(__scatter_zi.o)
    0x080001ec   0x00000000   Code   RO         4682    .ARM.Collect$$_printf_percent$$00000000  c_w.l(_printf_percent.o)
    0x080001ec   0x00000006   Code   RO         4845    .ARM.Collect$$_printf_percent$$00000001  c_w.l(_printf_n.o)
    0x080001f2   0x00000006   Code   RO         4846    .ARM.Collect$$_printf_percent$$00000002  c_w.l(_printf_p.o)
    0x080001f8   0x00000006   Code   RO         4680    .ARM.Collect$$_printf_percent$$00000003  c_w.l(_printf_f.o)
    0x080001fe   0x00000006   Code   RO         4681    .ARM.Collect$$_printf_percent$$00000004  c_w.l(_printf_e.o)
    0x08000204   0x00000006   Code   RO         4850    .ARM.Collect$$_printf_percent$$00000005  c_w.l(_printf_g.o)
    0x0800020a   0x00000006   Code   RO         4851    .ARM.Collect$$_printf_percent$$00000006  c_w.l(_printf_a.o)
    0x08000210   0x0000000a   Code   RO         4856    .ARM.Collect$$_printf_percent$$00000007  c_w.l(_printf_ll.o)
    0x0800021a   0x00000006   Code   RO         4848    .ARM.Collect$$_printf_percent$$00000008  c_w.l(_printf_i.o)
    0x08000220   0x00000006   Code   RO         4679    .ARM.Collect$$_printf_percent$$00000009  c_w.l(_printf_d.o)
    0x08000226   0x00000006   Code   RO         4849    .ARM.Collect$$_printf_percent$$0000000A  c_w.l(_printf_u.o)
    0x0800022c   0x00000006   Code   RO         4847    .ARM.Collect$$_printf_percent$$0000000B  c_w.l(_printf_o.o)
    0x08000232   0x00000006   Code   RO         4678    .ARM.Collect$$_printf_percent$$0000000C  c_w.l(_printf_x.o)
    0x08000238   0x00000006   Code   RO         4853    .ARM.Collect$$_printf_percent$$0000000D  c_w.l(_printf_lli.o)
    0x0800023e   0x00000006   Code   RO         4854    .ARM.Collect$$_printf_percent$$0000000E  c_w.l(_printf_lld.o)
    0x08000244   0x00000006   Code   RO         4855    .ARM.Collect$$_printf_percent$$0000000F  c_w.l(_printf_llu.o)
    0x0800024a   0x00000006   Code   RO         4860    .ARM.Collect$$_printf_percent$$00000010  c_w.l(_printf_llo.o)
    0x08000250   0x00000006   Code   RO         4861    .ARM.Collect$$_printf_percent$$00000011  c_w.l(_printf_llx.o)
    0x08000256   0x0000000a   Code   RO         4857    .ARM.Collect$$_printf_percent$$00000012  c_w.l(_printf_l.o)
    0x08000260   0x00000006   Code   RO         4844    .ARM.Collect$$_printf_percent$$00000013  c_w.l(_printf_c.o)
    0x08000266   0x00000006   Code   RO         4677    .ARM.Collect$$_printf_percent$$00000014  c_w.l(_printf_s.o)
    0x0800026c   0x00000006   Code   RO         4858    .ARM.Collect$$_printf_percent$$00000015  c_w.l(_printf_lc.o)
    0x08000272   0x00000006   Code   RO         4859    .ARM.Collect$$_printf_percent$$00000016  c_w.l(_printf_ls.o)
    0x08000278   0x00000004   Code   RO         4852    .ARM.Collect$$_printf_percent$$00000017  c_w.l(_printf_percent_end.o)
    0x0800027c   0x00000002   Code   RO         5081    .ARM.Collect$$libinit$$00000000  c_w.l(libinit.o)
    0x0800027e   0x00000000   Code   RO         4871    .ARM.Collect$$libinit$$00000002  c_w.l(libinit2.o)
    0x0800027e   0x00000000   Code   RO         4873    .ARM.Collect$$libinit$$00000004  c_w.l(libinit2.o)
    0x0800027e   0x00000008   Code   RO         4874    .ARM.Collect$$libinit$$00000005  c_w.l(libinit2.o)
    0x08000286   0x00000000   Code   RO         4876    .ARM.Collect$$libinit$$0000000A  c_w.l(libinit2.o)
    0x08000286   0x00000000   Code   RO         4878    .ARM.Collect$$libinit$$0000000C  c_w.l(libinit2.o)
    0x08000286   0x00000000   Code   RO         4880    .ARM.Collect$$libinit$$0000000E  c_w.l(libinit2.o)
    0x08000286   0x00000006   Code   RO         4881    .ARM.Collect$$libinit$$0000000F  c_w.l(libinit2.o)
    0x0800028c   0x00000000   Code   RO         4883    .ARM.Collect$$libinit$$00000011  c_w.l(libinit2.o)
    0x0800028c   0x0000000c   Code   RO         4884    .ARM.Collect$$libinit$$00000012  c_w.l(libinit2.o)
    0x08000298   0x00000000   Code   RO         4885    .ARM.Collect$$libinit$$00000013  c_w.l(libinit2.o)
    0x08000298   0x00000000   Code   RO         4887    .ARM.Collect$$libinit$$00000015  c_w.l(libinit2.o)
    0x08000298   0x0000000a   Code   RO         4888    .ARM.Collect$$libinit$$00000016  c_w.l(libinit2.o)
    0x080002a2   0x00000000   Code   RO         4889    .ARM.Collect$$libinit$$00000017  c_w.l(libinit2.o)
    0x080002a2   0x00000000   Code   RO         4891    .ARM.Collect$$libinit$$00000019  c_w.l(libinit2.o)
    0x080002a2   0x00000000   Code   RO         4893    .ARM.Collect$$libinit$$0000001B  c_w.l(libinit2.o)
    0x080002a2   0x00000000   Code   RO         4895    .ARM.Collect$$libinit$$0000001D  c_w.l(libinit2.o)
    0x080002a2   0x00000000   Code   RO         4897    .ARM.Collect$$libinit$$0000001F  c_w.l(libinit2.o)
    0x080002a2   0x00000000   Code   RO         4899    .ARM.Collect$$libinit$$00000021  c_w.l(libinit2.o)
    0x080002a2   0x00000000   Code   RO         4901    .ARM.Collect$$libinit$$00000023  c_w.l(libinit2.o)
    0x080002a2   0x00000000   Code   RO         4903    .ARM.Collect$$libinit$$00000025  c_w.l(libinit2.o)
    0x080002a2   0x00000000   Code   RO         4907    .ARM.Collect$$libinit$$0000002C  c_w.l(libinit2.o)
    0x080002a2   0x00000000   Code   RO         4909    .ARM.Collect$$libinit$$0000002E  c_w.l(libinit2.o)
    0x080002a2   0x00000000   Code   RO         4911    .ARM.Collect$$libinit$$00000030  c_w.l(libinit2.o)
    0x080002a2   0x00000000   Code   RO         4913    .ARM.Collect$$libinit$$00000032  c_w.l(libinit2.o)
    0x080002a2   0x00000002   Code   RO         4914    .ARM.Collect$$libinit$$00000033  c_w.l(libinit2.o)
    0x080002a4   0x00000002   Code   RO         5143    .ARM.Collect$$libshutdown$$00000000  c_w.l(libshutdown.o)
    0x080002a6   0x00000000   Code   RO         5097    .ARM.Collect$$libshutdown$$00000002  c_w.l(libshutdown2.o)
    0x080002a6   0x00000000   Code   RO         5099    .ARM.Collect$$libshutdown$$00000004  c_w.l(libshutdown2.o)
    0x080002a6   0x00000000   Code   RO         5102    .ARM.Collect$$libshutdown$$00000007  c_w.l(libshutdown2.o)
    0x080002a6   0x00000000   Code   RO         5105    .ARM.Collect$$libshutdown$$0000000A  c_w.l(libshutdown2.o)
    0x080002a6   0x00000000   Code   RO         5107    .ARM.Collect$$libshutdown$$0000000C  c_w.l(libshutdown2.o)
    0x080002a6   0x00000000   Code   RO         5110    .ARM.Collect$$libshutdown$$0000000F  c_w.l(libshutdown2.o)
    0x080002a6   0x00000002   Code   RO         5111    .ARM.Collect$$libshutdown$$00000010  c_w.l(libshutdown2.o)
    0x080002a8   0x00000000   Code   RO         4787    .ARM.Collect$$rtentry$$00000000  c_w.l(__rtentry.o)
    0x080002a8   0x00000000   Code   RO         4961    .ARM.Collect$$rtentry$$00000002  c_w.l(__rtentry2.o)
    0x080002a8   0x00000006   Code   RO         4973    .ARM.Collect$$rtentry$$00000004  c_w.l(__rtentry4.o)
    0x080002ae   0x00000000   Code   RO         4963    .ARM.Collect$$rtentry$$00000009  c_w.l(__rtentry2.o)
    0x080002ae   0x00000004   Code   RO         4964    .ARM.Collect$$rtentry$$0000000A  c_w.l(__rtentry2.o)
    0x080002b2   0x00000000   Code   RO         4966    .ARM.Collect$$rtentry$$0000000C  c_w.l(__rtentry2.o)
    0x080002b2   0x00000008   Code   RO         4967    .ARM.Collect$$rtentry$$0000000D  c_w.l(__rtentry2.o)
    0x080002ba   0x00000002   Code   RO         5086    .ARM.Collect$$rtexit$$00000000  c_w.l(rtexit.o)
    0x080002bc   0x00000000   Code   RO         5117    .ARM.Collect$$rtexit$$00000002  c_w.l(rtexit2.o)
    0x080002bc   0x00000004   Code   RO         5118    .ARM.Collect$$rtexit$$00000003  c_w.l(rtexit2.o)
    0x080002c0   0x00000006   Code   RO         5119    .ARM.Collect$$rtexit$$00000004  c_w.l(rtexit2.o)
    0x080002c6   0x00000002   PAD
    0x080002c8   0x00000000   Code   RO         4987    .emb_text           c_w.l(maybetermalloc1.o)
    0x080002c8   0x00000040   Code   RO          474  * .text               startup_stm32f10x_hd.o
    0x08000308   0x0000005e   Code   RO         4558    .text               c_w.l(h1_alloc.o)
    0x08000366   0x0000004e   Code   RO         4560    .text               c_w.l(h1_free.o)
    0x080003b4   0x0000001a   Code   RO         4616    .text               c_w.l(tolower.o)
    0x080003ce   0x00000002   PAD
    0x080003d0   0x00000034   Code   RO         4618    .text               c_w.l(c89vsnprintf.o)
    0x08000404   0x0000002c   Code   RO         4620    .text               c_w.l(__2sprintf.o)
    0x08000430   0x00000038   Code   RO         4622    .text               c_w.l(__2snprintf.o)
    0x08000468   0x0000004e   Code   RO         4630    .text               c_w.l(_printf_pad.o)
    0x080004b6   0x00000052   Code   RO         4632    .text               c_w.l(_printf_str.o)
    0x08000508   0x00000078   Code   RO         4634    .text               c_w.l(_printf_dec.o)
    0x08000580   0x00000094   Code   RO         4654    .text               c_w.l(_printf_hex_int_ll_ptr.o)
    0x08000614   0x00000188   Code   RO         4674    .text               c_w.l(__printf_flags_ss_wp.o)
    0x0800079c   0x00000014   Code   RO         4689    .text               c_w.l(strchr.o)
    0x080007b0   0x00000024   Code   RO         4691    .text               c_w.l(strncat.o)
    0x080007d4   0x00000024   Code   RO         4693    .text               c_w.l(strstr.o)
    0x080007f8   0x00000048   Code   RO         4695    .text               c_w.l(strcpy.o)
    0x08000840   0x0000003e   Code   RO         4697    .text               c_w.l(strlen.o)
    0x0800087e   0x00000096   Code   RO         4699    .text               c_w.l(strncmp.o)
    0x08000914   0x00000018   Code   RO         4701    .text               c_w.l(strcat.o)
    0x0800092c   0x0000008a   Code   RO         4703    .text               c_w.l(rt_memcpy_v6.o)
    0x080009b6   0x00000064   Code   RO         4705    .text               c_w.l(rt_memcpy_w.o)
    0x08000a1a   0x00000044   Code   RO         4707    .text               c_w.l(rt_memclr.o)
    0x08000a5e   0x0000004e   Code   RO         4709    .text               c_w.l(rt_memclr_w.o)
    0x08000aac   0x00000006   Code   RO         4711    .text               c_w.l(heapauxi.o)
    0x08000ab2   0x00000002   PAD
    0x08000ab4   0x00000010   Code   RO         4788    .text               c_w.l(rt_ctype_table.o)
    0x08000ac4   0x00000008   Code   RO         4793    .text               c_w.l(rt_heap_descriptor_intlibspace.o)
    0x08000acc   0x00000004   Code   RO         4795    .text               c_w.l(hguard.o)
    0x08000ad0   0x0000008a   Code   RO         4797    .text               c_w.l(init_alloc.o)
    0x08000b5a   0x0000000e   Code   RO         4801    .text               c_w.l(h1_init.o)
    0x08000b68   0x00000016   Code   RO         4815    .text               c_w.l(_rserrno.o)
    0x08000b7e   0x00000024   Code   RO         4817    .text               c_w.l(_printf_truncate.o)
    0x08000ba2   0x000000b2   Code   RO         4819    .text               c_w.l(_printf_intcommon.o)
    0x08000c54   0x00000028   Code   RO         4821    .text               c_w.l(_printf_charcount.o)
    0x08000c7c   0x0000041a   Code   RO         4823    .text               c_w.l(_printf_fp_dec.o)
    0x08001096   0x00000002   PAD
    0x08001098   0x00000030   Code   RO         4825    .text               c_w.l(_printf_char_common.o)
    0x080010c8   0x0000000a   Code   RO         4827    .text               c_w.l(_sputc.o)
    0x080010d2   0x00000010   Code   RO         4829    .text               c_w.l(_snputc.o)
    0x080010e2   0x0000002c   Code   RO         4831    .text               c_w.l(_printf_char.o)
    0x0800110e   0x00000002   PAD
    0x08001110   0x000000bc   Code   RO         4833    .text               c_w.l(_printf_wctomb.o)
    0x080011cc   0x0000007c   Code   RO         4836    .text               c_w.l(_printf_longlong_dec.o)
    0x08001248   0x00000070   Code   RO         4842    .text               c_w.l(_printf_oct_int_ll.o)
    0x080012b8   0x00000008   Code   RO         4957    .text               c_w.l(libspace.o)
    0x080012c0   0x00000008   Code   RO         4978    .text               c_w.l(rt_locale_intlibspace.o)
    0x080012c8   0x00000008   Code   RO         4983    .text               c_w.l(rt_errno_addr_intlibspace.o)
    0x080012d0   0x00000034   Code   RO         4989    .text               c_w.l(h1_extend.o)
    0x08001304   0x0000008a   Code   RO         4993    .text               c_w.l(lludiv10.o)
    0x0800138e   0x00000002   PAD
    0x08001390   0x00000080   Code   RO         4997    .text               c_w.l(_printf_fp_infnan.o)
    0x08001410   0x0000002c   Code   RO         5001    .text               c_w.l(_printf_wchar.o)
    0x0800143c   0x000000dc   Code   RO         5005    .text               c_w.l(bigflt0.o)
    0x08001518   0x00000040   Code   RO         5030    .text               c_w.l(_wcrtomb.o)
    0x08001558   0x0000000e   Code   RO         5038    .text               c_w.l(defsig_rtmem_outer.o)
    0x08001566   0x00000002   Code   RO         5055    .text               c_w.l(use_no_semi.o)
    0x08001568   0x00000000   Code   RO         5057    .text               c_w.l(indicate_semi.o)
    0x08001568   0x0000004a   Code   RO         5058    .text               c_w.l(sys_stackheap_outer.o)
    0x080015b2   0x00000012   Code   RO         5064    .text               c_w.l(exit.o)
    0x080015c4   0x0000000a   Code   RO         5066    .text               c_w.l(defsig_exit.o)
    0x080015ce   0x00000002   PAD
    0x080015d0   0x00000050   Code   RO         5068    .text               c_w.l(defsig_rtmem_inner.o)
    0x08001620   0x00000080   Code   RO         5070    .text               c_w.l(strcmpv7m.o)
    0x080016a0   0x0000000c   Code   RO         5084    .text               c_w.l(sys_exit.o)
    0x080016ac   0x00000032   Code   RO         5094    .text               c_w.l(defsig_general.o)
    0x080016de   0x0000000e   Code   RO         5114    .text               c_w.l(sys_wrch.o)
    0x080016ec   0x0000003e   Code   RO         5008    CL$$btod_d2e        c_w.l(btod.o)
    0x0800172a   0x00000046   Code   RO         5010    CL$$btod_d2e_denorm_low  c_w.l(btod.o)
    0x08001770   0x00000060   Code   RO         5009    CL$$btod_d2e_norm_op1  c_w.l(btod.o)
    0x080017d0   0x00000338   Code   RO         5018    CL$$btod_div_common  c_w.l(btod.o)
    0x08001b08   0x000000c6   Code   RO         5015    CL$$btod_e2e        c_w.l(btod.o)
    0x08001bce   0x00000028   Code   RO         5012    CL$$btod_ediv       c_w.l(btod.o)
    0x08001bf6   0x00000028   Code   RO         5011    CL$$btod_emul       c_w.l(btod.o)
    0x08001c1e   0x00000244   Code   RO         5017    CL$$btod_mult_common  c_w.l(btod.o)
    0x08001e62   0x00000016   Code   RO          520    i.ADC_Cmd           stm32f10x_adc.o
    0x08001e78   0x0000005c   Code   RO          522    i.ADC_DeInit        stm32f10x_adc.o
    0x08001ed4   0x00000014   Code   RO          528    i.ADC_GetCalibrationStatus  stm32f10x_adc.o
    0x08001ee8   0x00000008   Code   RO          529    i.ADC_GetConversionValue  stm32f10x_adc.o
    0x08001ef0   0x00000012   Code   RO          531    i.ADC_GetFlagStatus  stm32f10x_adc.o
    0x08001f02   0x00000014   Code   RO          534    i.ADC_GetResetCalibrationStatus  stm32f10x_adc.o
    0x08001f16   0x00000002   PAD
    0x08001f18   0x00000050   Code   RO          538    i.ADC_Init          stm32f10x_adc.o
    0x08001f68   0x000000b8   Code   RO          542    i.ADC_RegularChannelConfig  stm32f10x_adc.o
    0x08002020   0x0000000a   Code   RO          543    i.ADC_ResetCalibration  stm32f10x_adc.o
    0x0800202a   0x00000016   Code   RO          545    i.ADC_SoftwareStartConvCmd  stm32f10x_adc.o
    0x08002040   0x0000000a   Code   RO          547    i.ADC_StartCalibration  stm32f10x_adc.o
    0x0800204a   0x00000002   PAD
    0x0800204c   0x00000090   Code   RO         3474    i.Adc_Init          mq4_adc.o
    0x080020dc   0x0000016c   Code   RO         3861    i.BASE64_Decode     base64.o
    0x08002248   0x00000144   Code   RO         3862    i.BASE64_Encode     base64.o
    0x0800238c   0x0000003c   Code   RO         3726    i.Beep_Init         beep.o
    0x080023c8   0x00000020   Code   RO         3727    i.Beep_Set          beep.o
    0x080023e8   0x00000004   Code   RO          179    i.BusFault_Handler  stm32f10x_it.o
    0x080023ec   0x00000002   Code   RO          180    i.DebugMon_Handler  stm32f10x_it.o
    0x080023ee   0x00000002   PAD
    0x080023f0   0x000001ac   Code   RO            1    i.Display1_Init     main.o
    0x0800259c   0x000001d0   Code   RO            2    i.Display2_Init     main.o
    0x0800276c   0x0000001c   Code   RO         3805    i.ESP8266_Clear     esp8266.o
    0x08002788   0x00000050   Code   RO         3806    i.ESP8266_GetIPD    esp8266.o
    0x080027d8   0x00000124   Code   RO         3807    i.ESP8266_Init      esp8266.o
    0x080028fc   0x00000054   Code   RO         3808    i.ESP8266_SendCmd   esp8266.o
    0x08002950   0x00000048   Code   RO         3809    i.ESP8266_SendData  esp8266.o
    0x08002998   0x00000034   Code   RO         3810    i.ESP8266_WaitRecive  esp8266.o
    0x080029cc   0x00000116   Code   RO         1629    i.GPIO_Init         stm32f10x_gpio.o
    0x08002ae2   0x00000004   Code   RO         1636    i.GPIO_ResetBits    stm32f10x_gpio.o
    0x08002ae6   0x00000004   Code   RO         1637    i.GPIO_SetBits      stm32f10x_gpio.o
    0x08002aea   0x0000000a   Code   RO         1640    i.GPIO_WriteBit     stm32f10x_gpio.o
    0x08002af4   0x00000034   Code   RO         3475    i.Get_Adc           mq4_adc.o
    0x08002b28   0x0000002e   Code   RO         3476    i.Get_Adc_Average   mq4_adc.o
    0x08002b56   0x00000004   Code   RO          181    i.HardFault_Handler  stm32f10x_it.o
    0x08002b5a   0x00000002   PAD
    0x08002b5c   0x000000ec   Code   RO            3    i.Hardware_Init     main.o
    0x08002c48   0x00000028   Code   RO         3585    i.IIC_Start         oled.o
    0x08002c70   0x00000020   Code   RO         3586    i.IIC_Stop          oled.o
    0x08002c90   0x00000018   Code   RO         3587    i.IIC_Wait_Ack      oled.o
    0x08002ca8   0x0000006c   Code   RO         3750    i.JW_Data_Analyze   jw.o
    0x08002d14   0x000000a0   Code   RO         3751    i.JW_Data_Receive   jw.o
    0x08002db4   0x00000018   Code   RO         3752    i.JW_Deal_Timer_Count  jw.o
    0x08002dcc   0x00000014   Code   RO         3753    i.JW_Get_Timer      jw.o
    0x08002de0   0x00000040   Code   RO         3754    i.JW_Pross          jw.o
    0x08002e20   0x0000000c   Code   RO         3755    i.JW_Set_Timer_Value  jw.o
    0x08002e2c   0x00000034   Code   RO         3559    i.LED_Init          led.o
    0x08002e60   0x00000020   Code   RO         3560    i.Led_Set           led.o
    0x08002e80   0x00000088   Code   RO         3477    i.MQ4_GetPPM        mq4_adc.o
    0x08002f08   0x000000a4   Code   RO         3478    i.MQ4_PPM_Calibration  mq4_adc.o
    0x08002fac   0x000000a8   Code   RO         3479    i.MQ7_GetPPM        mq4_adc.o
    0x08003054   0x00000084   Code   RO         3480    i.MQ7_PPM_Calibration  mq4_adc.o
    0x080030d8   0x00000088   Code   RO         3481    i.MQ8_GetPPM        mq4_adc.o
    0x08003160   0x000000a4   Code   RO         3482    i.MQ8_PPM_Calibration  mq4_adc.o
    0x08003204   0x0000001c   Code   RO         4029    i.MQTT_DeleteBuffer  mqttkit.o
    0x08003220   0x0000002e   Code   RO         4030    i.MQTT_DumpLength   mqttkit.o
    0x0800324e   0x00000058   Code   RO         4031    i.MQTT_NewBuffer    mqttkit.o
    0x080032a6   0x00000002   PAD
    0x080032a8   0x000002a0   Code   RO         4033    i.MQTT_PacketConnect  mqttkit.o
    0x08003548   0x000001b8   Code   RO         4036    i.MQTT_PacketPublish  mqttkit.o
    0x08003700   0x00000064   Code   RO         4042    i.MQTT_PacketSaveData  mqttkit.o
    0x08003764   0x000000fe   Code   RO         4043    i.MQTT_PacketSubscribe  mqttkit.o
    0x08003862   0x00000046   Code   RO         4045    i.MQTT_ReadLength   mqttkit.o
    0x080038a8   0x0000001e   Code   RO         4047    i.MQTT_UnPacketConnectAck  mqttkit.o
    0x080038c6   0x00000002   PAD
    0x080038c8   0x000001c0   Code   RO         4048    i.MQTT_UnPacketPublish  mqttkit.o
    0x08003a88   0x0000001e   Code   RO         4049    i.MQTT_UnPacketPublishAck  mqttkit.o
    0x08003aa6   0x00000002   PAD
    0x08003aa8   0x00000074   Code   RO         4053    i.MQTT_UnPacketRecv  mqttkit.o
    0x08003b1c   0x00000034   Code   RO         4054    i.MQTT_UnPacketSubscribe  mqttkit.o
    0x08003b50   0x00000004   Code   RO          182    i.MemManage_Handler  stm32f10x_it.o
    0x08003b54   0x00000002   Code   RO          183    i.NMI_Handler       stm32f10x_it.o
    0x08003b56   0x00000002   PAD
    0x08003b58   0x00000070   Code   RO          478    i.NVIC_Init         misc.o
    0x08003bc8   0x00000014   Code   RO          479    i.NVIC_PriorityGroupConfig  misc.o
    0x08003bdc   0x00000040   Code   RO         3588    i.OLED_Clear        oled.o
    0x08003c1c   0x00000110   Code   RO         3592    i.OLED_Init         oled.o
    0x08003d2c   0x00000028   Code   RO         3594    i.OLED_Set_Pos      oled.o
    0x08003d54   0x00000068   Code   RO         3595    i.OLED_ShowCHinese  oled.o
    0x08003dbc   0x000000a4   Code   RO         3596    i.OLED_ShowChar     oled.o
    0x08003e60   0x00000088   Code   RO         3597    i.OLED_ShowNum      oled.o
    0x08003ee8   0x0000003a   Code   RO         3598    i.OLED_ShowString   oled.o
    0x08003f22   0x00000018   Code   RO         3599    i.OLED_WR_Byte      oled.o
    0x08003f3a   0x00000002   PAD
    0x08003f3c   0x00000118   Code   RO         3943    i.OTA_UrlEncode     onenet.o
    0x08004054   0x0000019c   Code   RO         3944    i.OneNET_Authorization  onenet.o
    0x080041f0   0x000000a0   Code   RO         3947    i.OneNET_Subscribe  onenet.o
    0x08004290   0x0000027c   Code   RO         3948    i.OneNet_DevLink    onenet.o
    0x0800450c   0x000001a4   Code   RO         3949    i.OneNet_FillBuf    onenet.o
    0x080046b0   0x0000021c   Code   RO         3950    i.OneNet_RevPro     onenet.o
    0x080048cc   0x000000e8   Code   RO         3951    i.OneNet_SendData   onenet.o
    0x080049b4   0x00000002   Code   RO          184    i.PendSV_Handler    stm32f10x_it.o
    0x080049b6   0x00000002   PAD
    0x080049b8   0x00000018   Code   RO         2043    i.RCC_ADCCLKConfig  stm32f10x_rcc.o
    0x080049d0   0x00000020   Code   RO         2045    i.RCC_APB1PeriphClockCmd  stm32f10x_rcc.o
    0x080049f0   0x00000020   Code   RO         2046    i.RCC_APB1PeriphResetCmd  stm32f10x_rcc.o
    0x08004a10   0x00000020   Code   RO         2047    i.RCC_APB2PeriphClockCmd  stm32f10x_rcc.o
    0x08004a30   0x00000020   Code   RO         2048    i.RCC_APB2PeriphResetCmd  stm32f10x_rcc.o
    0x08004a50   0x000000d4   Code   RO         2055    i.RCC_GetClocksFreq  stm32f10x_rcc.o
    0x08004b24   0x000000ac   Code   RO            4    i.Refresh_Data      main.o
    0x08004bd0   0x000000b4   Code   RO            5    i.SNR8016_Handle    main.o
    0x08004c84   0x0000007c   Code   RO          357    i.SU03T_DHT11_Play  usart.o
    0x08004d00   0x00000002   Code   RO          185    i.SVC_Handler       stm32f10x_it.o
    0x08004d02   0x00000002   PAD
    0x08004d04   0x00000044   Code   RO         3756    i.Serial_PopRece    jw.o
    0x08004d48   0x00000008   Code   RO          242    i.SetSysClock       system_stm32f10x.o
    0x08004d50   0x000000e0   Code   RO          243    i.SetSysClockTo72   system_stm32f10x.o
    0x08004e30   0x00000028   Code   RO          482    i.SysTick_CLKSourceConfig  misc.o
    0x08004e58   0x00000002   Code   RO          186    i.SysTick_Handler   stm32f10x_it.o
    0x08004e5a   0x00000002   PAD
    0x08004e5c   0x00000060   Code   RO          245    i.SystemInit        system_stm32f10x.o
    0x08004ebc   0x00000104   Code   RO         3445    i.TIM4_IRQHandler   timer.o
    0x08004fc0   0x0000006c   Code   RO         3446    i.TIM4_Init         timer.o
    0x0800502c   0x00000006   Code   RO         2674    i.TIM_ClearITPendingBit  stm32f10x_tim.o
    0x08005032   0x00000018   Code   RO         2679    i.TIM_Cmd           stm32f10x_tim.o
    0x0800504a   0x00000022   Code   RO         2700    i.TIM_GetITStatus   stm32f10x_tim.o
    0x0800506c   0x00000012   Code   RO         2704    i.TIM_ITConfig      stm32f10x_tim.o
    0x0800507e   0x0000000c   Code   RO         2706    i.TIM_InternalClockConfig  stm32f10x_tim.o
    0x0800508a   0x00000002   PAD
    0x0800508c   0x000000a4   Code   RO         2750    i.TIM_TimeBaseInit  stm32f10x_tim.o
    0x08005130   0x00000048   Code   RO          358    i.USART1_IRQHandler  usart.o
    0x08005178   0x0000004c   Code   RO         3811    i.USART2_IRQHandler  esp8266.o
    0x080051c4   0x00000030   Code   RO          359    i.USART3_IRQHandler  usart.o
    0x080051f4   0x00000030   Code   RO          360    i.USART3_SendByte   usart.o
    0x08005224   0x00000012   Code   RO         3211    i.USART_ClearFlag   stm32f10x_usart.o
    0x08005236   0x00000018   Code   RO         3215    i.USART_Cmd         stm32f10x_usart.o
    0x0800524e   0x00000002   PAD
    0x08005250   0x0000009c   Code   RO         3217    i.USART_DeInit      stm32f10x_usart.o
    0x080052ec   0x0000001a   Code   RO         3218    i.USART_GetFlagStatus  stm32f10x_usart.o
    0x08005306   0x00000054   Code   RO         3219    i.USART_GetITStatus  stm32f10x_usart.o
    0x0800535a   0x0000004a   Code   RO         3221    i.USART_ITConfig    stm32f10x_usart.o
    0x080053a4   0x000000d8   Code   RO         3222    i.USART_Init        stm32f10x_usart.o
    0x0800547c   0x0000000a   Code   RO         3229    i.USART_ReceiveData  stm32f10x_usart.o
    0x08005486   0x00000008   Code   RO         3232    i.USART_SendData    stm32f10x_usart.o
    0x0800548e   0x00000002   PAD
    0x08005490   0x00000018   Code   RO          361    i.Uart3_SU03T_SendCMD1  usart.o
    0x080054a8   0x00000014   Code   RO          362    i.Uart3_SU03T_SendCMD2  usart.o
    0x080054bc   0x00000038   Code   RO          363    i.Uart3_SU03T_SendCmd  usart.o
    0x080054f4   0x00000004   Code   RO          187    i.UsageFault_Handler  stm32f10x_it.o
    0x080054f8   0x000000ac   Code   RO          364    i.Usart1_Init       usart.o
    0x080055a4   0x000000ac   Code   RO          365    i.Usart2_Init       usart.o
    0x08005650   0x000000ac   Code   RO          366    i.Usart3_Init       usart.o
    0x080056fc   0x00000048   Code   RO          367    i.UsartPrintf       usart.o
    0x08005744   0x00000032   Code   RO          369    i.Usart_SendString  usart.o
    0x08005776   0x00000002   PAD
    0x08005778   0x00000054   Code   RO         3600    i.Write_IIC_Byte    oled.o
    0x080057cc   0x0000002c   Code   RO         3601    i.Write_IIC_Command  oled.o
    0x080057f8   0x0000002c   Code   RO         3602    i.Write_IIC_Data    oled.o
    0x08005824   0x00000028   Code   RO         4942    i.__ARM_fpclassify  m_ws.l(fpclassify.o)
    0x0800584c   0x000000aa   Code   RO         4944    i.__kernel_poly     m_ws.l(poly.o)
    0x080058f6   0x00000002   PAD
    0x080058f8   0x00000010   Code   RO         4928    i.__mathlib_dbl_divzero  m_ws.l(dunder.o)
    0x08005908   0x00000004   Code   RO         4930    i.__mathlib_dbl_infnan2  m_ws.l(dunder.o)
    0x0800590c   0x0000000c   Code   RO         4931    i.__mathlib_dbl_invalid  m_ws.l(dunder.o)
    0x08005918   0x0000000e   Code   RO         4932    i.__mathlib_dbl_overflow  m_ws.l(dunder.o)
    0x08005926   0x00000002   PAD
    0x08005928   0x00000010   Code   RO         4934    i.__mathlib_dbl_underflow  m_ws.l(dunder.o)
    0x08005938   0x0000000e   Code   RO         4667    i._is_digit         c_w.l(__printf_wp.o)
    0x08005946   0x00000002   PAD
    0x08005948   0x00000058   Code   RO         4217    i.cJSON_Delete      cjson.o
    0x080059a0   0x0000001e   Code   RO         4226    i.cJSON_GetObjectItem  cjson.o
    0x080059be   0x00000002   PAD
    0x080059c0   0x00000020   Code   RO         4230    i.cJSON_New_Item    cjson.o
    0x080059e0   0x00000010   Code   RO         4231    i.cJSON_Parse       cjson.o
    0x080059f0   0x00000064   Code   RO         4232    i.cJSON_ParseWithOpts  cjson.o
    0x08005a54   0x0000004c   Code   RO         4238    i.cJSON_strcasecmp  cjson.o
    0x08005aa0   0x00000044   Code   RO          276    i.delay_init        delay.o
    0x08005ae4   0x0000004c   Code   RO          277    i.delay_ms          delay.o
    0x08005b30   0x0000004c   Code   RO         3891    i.ft                hmac_sha1.o
    0x08005b7c   0x0000012e   Code   RO         3892    i.hmac_sha1         hmac_sha1.o
    0x08005caa   0x00000002   PAD
    0x08005cac   0x00000010   Code   RO         3483    i.initialize_MQ4    mq4_adc.o
    0x08005cbc   0x00000010   Code   RO         3484    i.initialize_MQ7    mq4_adc.o
    0x08005ccc   0x00000010   Code   RO         3485    i.initialize_MQ8    mq4_adc.o
    0x08005cdc   0x00000034   Code   RO         3893    i.k                 hmac_sha1.o
    0x08005d10   0x000000f0   Code   RO            6    i.main              main.o
    0x08005e00   0x00000016   Code   RO         3604    i.oled_pow          oled.o
    0x08005e16   0x00000002   PAD
    0x08005e18   0x000000ac   Code   RO         4242    i.parse_array       cjson.o
    0x08005ec4   0x00000114   Code   RO         4243    i.parse_hex4        cjson.o
    0x08005fd8   0x000001bc   Code   RO         4244    i.parse_number      cjson.o
    0x08006194   0x00000114   Code   RO         4245    i.parse_object      cjson.o
    0x080062a8   0x000001cc   Code   RO         4246    i.parse_string      cjson.o
    0x08006474   0x000000bc   Code   RO         4247    i.parse_value       cjson.o
    0x08006530   0x000009d8   Code   RO         4776    i.pow               m_ws.l(pow.o)
    0x08006f08   0x0000002e   Code   RO         3894    i.rotl              hmac_sha1.o
    0x08006f36   0x00000002   PAD
    0x08006f38   0x00000284   Code   RO         3896    i.sha1              hmac_sha1.o
    0x080071bc   0x00000012   Code   RO         4255    i.skip              cjson.o
    0x080071ce   0x0000004c   Code   RO         4948    i.sqrt              m_ws.l(sqrt.o)
    0x0800721a   0x00000002   PAD
    0x0800721c   0x0000002c   Code   RO         5033    locale$$code        c_w.l(lc_ctype_c.o)
    0x08007248   0x0000002c   Code   RO         5036    locale$$code        c_w.l(lc_numeric_c.o)
    0x08007274   0x00000062   Code   RO         4715    x$fpl$d2f           fz_ws.l(d2f.o)
    0x080072d6   0x00000002   PAD
    0x080072d8   0x00000150   Code   RO         4717    x$fpl$dadd          fz_ws.l(daddsub_clz.o)
    0x08007428   0x00000010   Code   RO         5047    x$fpl$dcheck1       fz_ws.l(dcheck1.o)
    0x08007438   0x00000018   Code   RO         4915    x$fpl$dcmpinf       fz_ws.l(dcmpi.o)
    0x08007450   0x000002b0   Code   RO         4724    x$fpl$ddiv          fz_ws.l(ddiv.o)
    0x08007700   0x0000005e   Code   RO         4729    x$fpl$dfix          fz_ws.l(dfix.o)
    0x0800775e   0x0000002e   Code   RO         4734    x$fpl$dflt          fz_ws.l(dflt_clz.o)
    0x0800778c   0x00000078   Code   RO         4739    x$fpl$dleqf         fz_ws.l(dleqf.o)
    0x08007804   0x00000154   Code   RO         4741    x$fpl$dmul          fz_ws.l(dmul.o)
    0x08007958   0x0000009c   Code   RO         4917    x$fpl$dnaninf       fz_ws.l(dnaninf.o)
    0x080079f4   0x0000000c   Code   RO         4919    x$fpl$dretinf       fz_ws.l(dretinf.o)
    0x08007a00   0x0000006c   Code   RO         4743    x$fpl$drleqf        fz_ws.l(drleqf.o)
    0x08007a6c   0x00000016   Code   RO         4718    x$fpl$drsb          fz_ws.l(daddsub_clz.o)
    0x08007a82   0x00000002   PAD
    0x08007a84   0x000001cc   Code   RO         5049    x$fpl$dsqrt         fz_ws.l(dsqrt_noumaal.o)
    0x08007c50   0x000001d4   Code   RO         4719    x$fpl$dsub          fz_ws.l(daddsub_clz.o)
    0x08007e24   0x00000056   Code   RO         4745    x$fpl$f2d           fz_ws.l(f2d.o)
    0x08007e7a   0x00000002   PAD
    0x08007e7c   0x000000c4   Code   RO         4747    x$fpl$fadd          fz_ws.l(faddsub_clz.o)
    0x08007f40   0x00000184   Code   RO         4754    x$fpl$fdiv          fz_ws.l(fdiv.o)
    0x080080c4   0x0000003e   Code   RO         4757    x$fpl$ffixu         fz_ws.l(ffixu.o)
    0x08008102   0x00000002   PAD
    0x08008104   0x00000026   Code   RO         4761    x$fpl$ffltu         fz_ws.l(fflt_clz.o)
    0x0800812a   0x00000002   PAD
    0x0800812c   0x00000102   Code   RO         4767    x$fpl$fmul          fz_ws.l(fmul.o)
    0x0800822e   0x0000008c   Code   RO         4921    x$fpl$fnaninf       fz_ws.l(fnaninf.o)
    0x080082ba   0x0000000a   Code   RO         4923    x$fpl$fretinf       fz_ws.l(fretinf.o)
    0x080082c4   0x000000ea   Code   RO         4749    x$fpl$fsub          fz_ws.l(faddsub_clz.o)
    0x080083ae   0x00000004   Code   RO         4769    x$fpl$printf1       fz_ws.l(printf1.o)
    0x080083b2   0x00000064   Code   RO         5082    x$fpl$retnan        fz_ws.l(retnan.o)
    0x08008416   0x0000005c   Code   RO         4925    x$fpl$scalbn        fz_ws.l(scalbn.o)
    0x08008472   0x00000030   Code   RO         5112    x$fpl$trapveneer    fz_ws.l(trapv.o)
    0x080084a2   0x00000000   Code   RO         4927    x$fpl$usenofp       fz_ws.l(usenofp.o)
    0x080084a2   0x00000818   Data   RO         3605    .constdata          oled.o
    0x08008cba   0x000000c0   Data   RO         3863    .constdata          base64.o
    0x08008d7a   0x00000007   Data   RO         4258    .constdata          cjson.o
    0x08008d81   0x00000028   Data   RO         4655    .constdata          c_w.l(_printf_hex_int_ll_ptr.o)
    0x08008da9   0x00000011   Data   RO         4675    .constdata          c_w.l(__printf_flags_ss_wp.o)
    0x08008dba   0x00000006   PAD
    0x08008dc0   0x00000088   Data   RO         4777    .constdata          m_ws.l(pow.o)
    0x08008e48   0x00000008   Data   RO         4834    .constdata          c_w.l(_printf_wctomb.o)
    0x08008e50   0x00000008   Data   RO         4946    .constdata          m_ws.l(qnan.o)
    0x08008e58   0x00000094   Data   RO         5006    .constdata          c_w.l(bigflt0.o)
    0x08008eec   0x00000047   Data   RO         3953    .conststring        onenet.o
    0x08008f33   0x00000001   PAD
    0x08008f34   0x00000020   Data   RO         5144    Region$$Table       anon$$obj.o
    0x08008f54   0x00000110   Data   RO         5032    locale$$data        c_w.l(lc_ctype_c.o)
    0x08009064   0x0000001c   Data   RO         5035    locale$$data        c_w.l(lc_numeric_c.o)


    Execution Region ER_RW (Base: 0x20000000, Size: 0x00000dc0, Max: 0xffffffff, ABSOLUTE, COMPRESSED[0x000004fc])

    Base Addr    Size         Type   Attr      Idx    E Section Name        Object

    0x20000000   0x00000014   Data   RW          246    .data               system_stm32f10x.o
    0x20000014   0x00000004   Data   RW          279    .data               delay.o
    0x20000018   0x00000010   Data   RW          371    .data               usart.o
    0x20000028   0x00000014   Data   RW         2075    .data               stm32f10x_rcc.o
    0x2000003c   0x0000002e   Data   RW         3447    .data               timer.o
    0x2000006a   0x00000002   PAD
    0x2000006c   0x00000022   Data   RW         3487    .data               mq4_adc.o
    0x2000008e   0x00000001   Data   RW         3561    .data               led.o
    0x2000008f   0x00000d00   Data   RW         3606    .data               oled.o
    0x20000d8f   0x00000001   Data   RW         3728    .data               beep.o
    0x20000d90   0x00000010   Data   RW         3758    .data               jw.o
    0x20000da0   0x00000004   Data   RW         3813    .data               esp8266.o
    0x20000da4   0x0000000e   Data   RW         3954    .data               onenet.o
    0x20000db2   0x00000002   PAD
    0x20000db4   0x0000000c   Data   RW         4259    .data               cjson.o


    Execution Region ER_ZI (Base: 0x20000dc0, Size: 0x00000ab0, Max: 0xffffffff, ABSOLUTE)

    Base Addr    Size         Type   Attr      Idx    E Section Name        Object

    0x20000dc0   0x00000128   Zero   RW          370    .bss                usart.o
    0x20000ee8   0x00000024   Zero   RW         3486    .bss                mq4_adc.o
    0x20000f0c   0x00000100   Zero   RW         3757    .bss                jw.o
    0x2000100c   0x00000200   Zero   RW         3812    .bss                esp8266.o
    0x2000120c   0x00000060   Zero   RW         4958    .bss                c_w.l(libspace.o)
    0x2000126c   0x00000004   PAD
    0x20001270   0x00000200   Zero   RW          472    HEAP                startup_stm32f10x_hd.o
    0x20001470   0x00000400   Zero   RW          471    STACK               startup_stm32f10x_hd.o


==============================================================================

Image component sizes


      Code (inc. data)   RO Data    RW Data    ZI Data      Debug   Object Name

       688          8        192          0          0       3600   base64.o
        92         14          0          1          0       1671   beep.o
      2176         82          7         12          0      12093   cjson.o
       144         22          0          4          0     213744   delay.o
       684        232          0          4        512       5183   esp8266.o
      1120         30          0          0          0       4431   hmac_sha1.o
       456        104          0         16        256       4742   jw.o
        84         14          0          1          0       1668   led.o
      1720        350          0          0          0      51619   main.o
       172         22          0          0          0       2153   misc.o
      1190        196          0         34         36       8753   mq4_adc.o
      2374         58          0          0          0      13596   mqttkit.o
      1152         36       2072       3328          0      10531   oled.o
      2680       1144         71         14          0      10890   onenet.o
        64         26        304          0       1536        804   startup_stm32f10x_hd.o
       486         24          0          0          0       8886   stm32f10x_adc.o
       296          0          0          0          0       3736   stm32f10x_gpio.o
        26          0          0          0          0       3918   stm32f10x_it.o
       364         50          0         20          0       6307   stm32f10x_rcc.o
       258         42          0          0          0       4232   stm32f10x_tim.o
       616         28          0          0          0       7582   stm32f10x_usart.o
         0          0          0          0          0         32   sys.o
       328         28          0         20          0       2205   system_stm32f10x.o
       368         56          0         46          0       1866   timer.o
      1030        108          0         16        296       9463   usart.o

    ----------------------------------------------------------------------
     18608       2674       2679       3520       2636     393705   Object Totals
         0          0         32          0          0          0   (incl. Generated)
        40          0          1          4          0          0   (incl. Padding)

    ----------------------------------------------------------------------

      Code (inc. data)   RO Data    RW Data    ZI Data      Debug   Library Member Name

        56          6          0          0          0         88   __2snprintf.o
        44          6          0          0          0         84   __2sprintf.o
       100          0          0          0          0          0   __dclz77c.o
         8          0          0          0          0         68   __main.o
       392          4         17          0          0         92   __printf_flags_ss_wp.o
        14          0          0          0          0         68   __printf_wp.o
         0          0          0          0          0          0   __rtentry.o
        12          0          0          0          0          0   __rtentry2.o
         6          0          0          0          0          0   __rtentry4.o
        52          8          0          0          0          0   __scatter.o
        28          0          0          0          0          0   __scatter_zi.o
         6          0          0          0          0          0   _printf_a.o
         6          0          0          0          0          0   _printf_c.o
        44          0          0          0          0        108   _printf_char.o
        48          6          0          0          0         96   _printf_char_common.o
        40          0          0          0          0         68   _printf_charcount.o
         6          0          0          0          0          0   _printf_d.o
       120         16          0          0          0         92   _printf_dec.o
         6          0          0          0          0          0   _printf_e.o
         6          0          0          0          0          0   _printf_f.o
      1050          0          0          0          0        216   _printf_fp_dec.o
       128         16          0          0          0         84   _printf_fp_infnan.o
         6          0          0          0          0          0   _printf_g.o
       148          4         40          0          0        160   _printf_hex_int_ll_ptr.o
         6          0          0          0          0          0   _printf_i.o
       178          0          0          0          0         88   _printf_intcommon.o
        10          0          0          0          0          0   _printf_l.o
         6          0          0          0          0          0   _printf_lc.o
        10          0          0          0          0          0   _printf_ll.o
         6          0          0          0          0          0   _printf_lld.o
         6          0          0          0          0          0   _printf_lli.o
         6          0          0          0          0          0   _printf_llo.o
         6          0          0          0          0          0   _printf_llu.o
         6          0          0          0          0          0   _printf_llx.o
       124         16          0          0          0         92   _printf_longlong_dec.o
         6          0          0          0          0          0   _printf_ls.o
         6          0          0          0          0          0   _printf_n.o
         6          0          0          0          0          0   _printf_o.o
       112          8          0          0          0        124   _printf_oct_int_ll.o
         6          0          0          0          0          0   _printf_p.o
        78          0          0          0          0        108   _printf_pad.o
         0          0          0          0          0          0   _printf_percent.o
         4          0          0          0          0          0   _printf_percent_end.o
         6          0          0          0          0          0   _printf_s.o
        82          0          0          0          0         80   _printf_str.o
        36          0          0          0          0         84   _printf_truncate.o
         6          0          0          0          0          0   _printf_u.o
        44          0          0          0          0        108   _printf_wchar.o
       188          6          8          0          0         92   _printf_wctomb.o
         6          0          0          0          0          0   _printf_x.o
        22          0          0          0          0        100   _rserrno.o
        16          0          0          0          0         68   _snputc.o
        10          0          0          0          0         68   _sputc.o
        64          0          0          0          0         92   _wcrtomb.o
       220          4        148          0          0         96   bigflt0.o
      1910        128          0          0          0        672   btod.o
        52          4          0          0          0         80   c89vsnprintf.o
        10          0          0          0          0         68   defsig_exit.o
        50          0          0          0          0         88   defsig_general.o
        80         58          0          0          0         76   defsig_rtmem_inner.o
        14          0          0          0          0         80   defsig_rtmem_outer.o
        18          0          0          0          0         80   exit.o
        94          0          0          0          0         80   h1_alloc.o
        52          0          0          0          0         68   h1_extend.o
        78          0          0          0          0         80   h1_free.o
        14          0          0          0          0         84   h1_init.o
         6          0          0          0          0        152   heapauxi.o
         4          0          0          0          0        136   hguard.o
         0          0          0          0          0          0   indicate_semi.o
       138          0          0          0          0        168   init_alloc.o
        44         10        272          0          0         76   lc_ctype_c.o
        44         10         28          0          0         76   lc_numeric_c.o
         2          0          0          0          0          0   libinit.o
        38          0          0          0          0          0   libinit2.o
         2          0          0          0          0          0   libshutdown.o
         2          0          0          0          0          0   libshutdown2.o
         8          4          0          0         96         68   libspace.o
       138          0          0          0          0         80   lludiv10.o
         0          0          0          0          0          0   maybetermalloc1.o
        16          4          0          0          0         76   rt_ctype_table.o
         8          4          0          0          0         68   rt_errno_addr_intlibspace.o
         8          4          0          0          0         68   rt_heap_descriptor_intlibspace.o
         8          4          0          0          0         68   rt_locale_intlibspace.o
        68          0          0          0          0         68   rt_memclr.o
        78          0          0          0          0         80   rt_memclr_w.o
       138          0          0          0          0         68   rt_memcpy_v6.o
       100          0          0          0          0         80   rt_memcpy_w.o
         2          0          0          0          0          0   rtexit.o
        10          0          0          0          0          0   rtexit2.o
        24          0          0          0          0         68   strcat.o
        20          0          0          0          0         68   strchr.o
       128          0          0          0          0         68   strcmpv7m.o
        72          0          0          0          0         80   strcpy.o
        62          0          0          0          0         76   strlen.o
        36          0          0          0          0         76   strncat.o
       150          0          0          0          0         80   strncmp.o
        36          0          0          0          0         80   strstr.o
        12          4          0          0          0         68   sys_exit.o
        74          0          0          0          0         80   sys_stackheap_outer.o
        14          0          0          0          0         76   sys_wrch.o
        26          0          0          0          0         76   tolower.o
         2          0          0          0          0         68   use_no_semi.o
        98          4          0          0          0         92   d2f.o
       826         16          0          0          0        348   daddsub_clz.o
        16          4          0          0          0         68   dcheck1.o
        24          0          0          0          0         68   dcmpi.o
       688        140          0          0          0        208   ddiv.o
        94          4          0          0          0         92   dfix.o
        46          0          0          0          0         68   dflt_clz.o
       120          4          0          0          0         92   dleqf.o
       340         12          0          0          0        104   dmul.o
       156          4          0          0          0         92   dnaninf.o
        12          0          0          0          0         68   dretinf.o
       108          0          0          0          0         80   drleqf.o
       460         56          0          0          0        120   dsqrt_noumaal.o
        86          4          0          0          0         84   f2d.o
       430          8          0          0          0        168   faddsub_clz.o
       388         76          0          0          0         96   fdiv.o
        62          4          0          0          0         84   ffixu.o
        38          0          0          0          0         68   fflt_clz.o
       258          4          0          0          0         84   fmul.o
       140          4          0          0          0         84   fnaninf.o
        10          0          0          0          0         68   fretinf.o
         4          0          0          0          0         68   printf1.o
       100          0          0          0          0         68   retnan.o
        92          0          0          0          0         68   scalbn.o
        48          0          0          0          0         68   trapv.o
         0          0          0          0          0          0   usenofp.o
        62         10          0          0          0        340   dunder.o
        40          0          0          0          0         68   fpclassify.o
       170          0          0          0          0         96   poly.o
      2520        190        136          0          0        324   pow.o
         0          0          8          0          0          0   qnan.o
        76          0          0          0          0         84   sqrt.o

    ----------------------------------------------------------------------
     15042        878        663          0        100       9596   Library Totals
        32          0          6          0          4          0   (incl. Padding)

    ----------------------------------------------------------------------

      Code (inc. data)   RO Data    RW Data    ZI Data      Debug   Library Name

      7498        334        513          0         96       6176   c_w.l
      4644        344          0          0          0       2508   fz_ws.l
      2868        200        144          0          0        912   m_ws.l

    ----------------------------------------------------------------------
     15042        878        663          0        100       9596   Library Totals

    ----------------------------------------------------------------------

==============================================================================


      Code (inc. data)   RO Data    RW Data    ZI Data      Debug   

     33650       3552       3342       3520       2736     389829   Grand Totals
     33650       3552       3342       1276       2736     389829   ELF Image Totals (compressed)
     33650       3552       3342       1276          0          0   ROM Totals

==============================================================================

    Total RO  Size (Code + RO Data)                36992 (  36.13kB)
    Total RW  Size (RW Data + ZI Data)              6256 (   6.11kB)
    Total ROM Size (Code + RO Data + RW Data)      38268 (  37.37kB)

==============================================================================

